Component: ARM Compiler 5.06 update 4 (build 422) Tool: armlink [4d35d2]

==============================================================================

Section Cross References

    main.o(.text) refers to _printf_percent.o(.ARM.Collect$$_printf_percent$$00000000) for _printf_percent
    main.o(.text) refers to _printf_d.o(.ARM.Collect$$_printf_percent$$00000009) for _printf_d
    main.o(.text) refers to _printf_dec.o(.text) for _printf_int_dec
    main.o(.text) refers to usart.o(.text) for UART1_Put_String_with_space
    main.o(.text) refers to cpu_a.o(.text) for CPU_SR_Save
    main.o(.text) refers to os_core.o(.text) for OS_Sched0
    main.o(.text) refers to os_time.o(.text) for OSTimeDlyHMSM
    main.o(.text) refers to stepmotor.o(.text) for process_input
    main.o(.text) refers to icapture.o(.text) for input_capture
    main.o(.text) refers to ctrl.o(.text) for Controller
    main.o(.text) refers to noretval__2printf.o(.text) for __2printf
    main.o(.text) refers to led.o(.text) for led_turn
    main.o(.text) refers to cpu_core.o(.text) for CPU_Init
    main.o(.text) refers to os_stat.o(.text) for OSStatTaskCPUUsageInit
    main.o(.text) refers to os_task.o(.text) for OSTaskCreate
    main.o(.text) refers to usart3.o(.bss) for GPGGA_Dat
    main.o(.text) refers to os_var.o(.data) for OSSchedLockNestingCtr
    main.o(.text) refers to main.o(.bss) for carbinet_state
    main.o(.text) refers to main.o(.data) for signal
    main.o(.text) refers to stm32f4xx_tim.o(.text) for TIM_Cmd
    main.o(.text) refers to timer.o(.text) for Calculate_freq
    main.o(.text) refers to misc.o(.text) for NVIC_PriorityGroupConfig
    main.o(.text) refers to delay.o(.text) for delay_init
    main.o(.text) refers to limit_switch.o(.text) for limit_switch_Init
    main.o(.text) refers to common_fcn.o(.text) for my_abs
    main.o(.text) refers to noretval__2sprintf.o(.text) for __2sprintf
    main.o(.text) refers to ctrl.o(.data) for vol_wL
    main.o(.text) refers to mpu9250.o(.bss) for IMU_DAT
    system_stm32f4xx.o(.text) refers to system_stm32f4xx.o(.data) for SystemCoreClock
    common_fcn.o(.text) refers to dflt_clz.o(x$fpl$dflt) for __aeabi_i2d
    common_fcn.o(.text) refers to dmul.o(x$fpl$dmul) for __aeabi_dmul
    common_fcn.o(.text) refers to daddsub_clz.o(x$fpl$dadd) for __aeabi_dadd
    common_fcn.o(.text) refers to ddiv.o(x$fpl$ddiv) for __aeabi_ddiv
    led.o(.text) refers to stm32f4xx_rcc.o(.text) for RCC_AHB1PeriphClockCmd
    led.o(.text) refers to stm32f4xx_gpio.o(.text) for GPIO_Init
    exti.o(.text) refers to stm32f4xx_rcc.o(.text) for RCC_AHB1PeriphClockCmd
    exti.o(.text) refers to stm32f4xx_gpio.o(.text) for GPIO_Init
    exti.o(.text) refers to stm32f4xx_syscfg.o(.text) for SYSCFG_EXTILineConfig
    exti.o(.text) refers to stm32f4xx_exti.o(.text) for EXTI_Init
    exti.o(.text) refers to misc.o(.text) for NVIC_Init
    exti.o(.text) refers to os_core.o(.text) for OSIntEnter
    exti.o(.text) refers to exti.o(.data) for steps_R
    exti.o(.text) refers to main.o(.bss) for carbinet_state
    timer.o(.text) refers to stm32f4xx_rcc.o(.text) for RCC_APB1PeriphClockCmd
    timer.o(.text) refers to stm32f4xx_tim.o(.text) for TIM_TimeBaseInit
    timer.o(.text) refers to misc.o(.text) for NVIC_Init
    timer.o(.text) refers to os_core.o(.text) for OSIntEnter
    timer.o(.text) refers to stepmotor.o(.text) for Step1_Pulse
    timer.o(.text) refers to main.o(.bss) for carbinet_state
    timer.o(.text) refers to main.o(.data) for carbinet_exp_state
    usart2.o(.text) refers to stm32f4xx_rcc.o(.text) for RCC_AHB1PeriphClockCmd
    usart2.o(.text) refers to stm32f4xx_gpio.o(.text) for GPIO_PinAFConfig
    usart2.o(.text) refers to stm32f4xx_usart.o(.text) for USART_Init
    usart2.o(.text) refers to misc.o(.text) for NVIC_Init
    usart2.o(.text) refers to dflt_clz.o(x$fpl$dflt) for __aeabi_i2d
    usart2.o(.text) refers to ddiv.o(x$fpl$ddiv) for __aeabi_ddiv
    usart2.o(.text) refers to dmul.o(x$fpl$dmul) for __aeabi_dmul
    usart2.o(.text) refers to d2f.o(x$fpl$d2f) for __aeabi_d2f
    usart2.o(.text) refers to daddsub_clz.o(x$fpl$dadd) for __aeabi_dadd
    usart2.o(.text) refers to usart2.o(.bss) for USART2_RX_DAT
    usart2.o(.text) refers to usart2.o(.data) for USART2_RX_COUNT
    usart3.o(.text) refers to stm32f4xx_rcc.o(.text) for RCC_AHB1PeriphClockCmd
    usart3.o(.text) refers to stm32f4xx_gpio.o(.text) for GPIO_PinAFConfig
    usart3.o(.text) refers to stm32f4xx_usart.o(.text) for USART_Init
    usart3.o(.text) refers to misc.o(.text) for NVIC_Init
    usart3.o(.text) refers to rt_memclr_w.o(.text) for __aeabi_memclr4
    usart3.o(.text) refers to atoi.o(.text) for atoi
    usart3.o(.text) refers to strcpy.o(.text) for strcpy
    usart3.o(.text) refers to common_fcn.o(.text) for gps_atof
    usart3.o(.text) refers to d2f.o(x$fpl$d2f) for __aeabi_d2f
    usart3.o(.text) refers to usart3.o(.bss) for Res
    usart3.o(.text) refers to usart3.o(.data) for counter
[...]
    CPU_SR_Save                              0x0800684d   Thumb Code     0  cpu_a.o(.text)
    CPU_SR_Restore                           0x08006855   Thumb Code     0  cpu_a.o(.text)
    CPU_WaitForInt                           0x0800685b   Thumb Code     0  cpu_a.o(.text)
    CPU_WaitForExcept                        0x0800685f   Thumb Code     0  cpu_a.o(.text)
    CPU_CntLeadZeros                         0x08006863   Thumb Code     0  cpu_a.o(.text)
    CPU_CntTrailZeros                        0x08006869   Thumb Code     0  cpu_a.o(.text)
    CPU_RevBits                              0x08006873   Thumb Code     0  cpu_a.o(.text)
    ASCII_IsAlpha                            0x08006879   Thumb Code    48  lib_ascii.o(.text)
    ASCII_IsAlphaNum                         0x080068a9   Thumb Code    76  lib_ascii.o(.text)
    ASCII_IsLower                            0x080068f5   Thumb Code    20  lib_ascii.o(.text)
    ASCII_IsUpper                            0x08006909   Thumb Code    20  lib_ascii.o(.text)
    ASCII_IsDig                              0x0800691d   Thumb Code    20  lib_ascii.o(.text)
    ASCII_IsDigOct                           0x08006931   Thumb Code    20  lib_ascii.o(.text)
    ASCII_IsDigHex                           0x08006945   Thumb Code    36  lib_ascii.o(.text)
    ASCII_IsBlank                            0x08006969   Thumb Code    20  lib_ascii.o(.text)
    ASCII_IsSpace                            0x0800697d   Thumb Code    36  lib_ascii.o(.text)
    ASCII_IsPrint                            0x080069a1   Thumb Code    20  lib_ascii.o(.text)
    ASCII_IsGraph                            0x080069b5   Thumb Code    20  lib_ascii.o(.text)
    ASCII_IsPunct                            0x080069c9   Thumb Code   134  lib_ascii.o(.text)
    ASCII_IsCtrl                             0x08006a4f   Thumb Code    26  lib_ascii.o(.text)
    ASCII_ToLower                            0x08006a69   Thumb Code    32  lib_ascii.o(.text)
    ASCII_ToUpper                            0x08006a89   Thumb Code    32  lib_ascii.o(.text)
    ASCII_Cmp                                0x08006aa9   Thumb Code    38  lib_ascii.o(.text)
    Mem_Init                                 0x08006ad1   Thumb Code    54  lib_mem.o(.text)
    Mem_Set                                  0x08006b07   Thumb Code    84  lib_mem.o(.text)
    Mem_Clr                                  0x08006b5b   Thumb Code    18  lib_mem.o(.text)
    Mem_Move                                 0x08006b6d   Thumb Code   186  lib_mem.o(.text)
    Mem_Cmp                                  0x08006c27   Thumb Code   192  lib_mem.o(.text)
    Mem_HeapAlloc                            0x08006d5f   Thumb Code   168  lib_mem.o(.text)
    Mem_SegGetSizeRem                        0x08006e07   Thumb Code   108  lib_mem.o(.text)
    Mem_HeapGetSizeRem                       0x08006e73   Thumb Code    22  lib_mem.o(.text)
    Mem_PoolClr                              0x08006e89   Thumb Code    80  lib_mem.o(.text)
    Mem_PoolCreate                           0x08006ed9   Thumb Code   838  lib_mem.o(.text)
    Mem_PoolBlkGetNbrAvail                   0x0800721f   Thumb Code    52  lib_mem.o(.text)
    Mem_PoolBlkGet                           0x08007253   Thumb Code   126  lib_mem.o(.text)
    Mem_PoolBlkGetUsedAtIx                   0x080072d1   Thumb Code   140  lib_mem.o(.text)
    Mem_PoolBlkFree                          0x0800735d   Thumb Code   152  lib_mem.o(.text)
    Mem_PoolBlkIxGet                         0x080073f5   Thumb Code   162  lib_mem.o(.text)
    Str_Len_N                                0x08007499   Thumb Code    28  lib_str.o(.text)
    Str_Len                                  0x080074b5   Thumb Code    20  lib_str.o(.text)
    Str_Copy_N                               0x080074c9   Thumb Code    70  lib_str.o(.text)
    Str_Copy                                 0x0800750f   Thumb Code    24  lib_str.o(.text)
    Str_Cat_N                                0x08007527   Thumb Code    90  lib_str.o(.text)
    Str_Cat                                  0x08007581   Thumb Code    24  lib_str.o(.text)
    Str_Cmp_N                                0x08007599   Thumb Code   156  lib_str.o(.text)
    Str_Cmp                                  0x08007635   Thumb Code    24  lib_str.o(.text)
    Str_CmpIgnoreCase_N                      0x0800764d   Thumb Code   264  lib_str.o(.text)
    Str_CmpIgnoreCase                        0x08007755   Thumb Code    24  lib_str.o(.text)
    Str_Char_N                               0x0800776d   Thumb Code    74  lib_str.o(.text)
    Str_Char                                 0x080077b7   Thumb Code    24  lib_str.o(.text)
    Str_Char_Last_N                          0x080077cf   Thumb Code    76  lib_str.o(.text)
    Str_Char_Last                            0x0800781b   Thumb Code    24  lib_str.o(.text)
    Str_Char_Replace_N                       0x08007833   Thumb Code    52  lib_str.o(.text)
    Str_Char_Replace                         0x08007867   Thumb Code    28  lib_str.o(.text)
    Str_Str_N                                0x08007883   Thumb Code   182  lib_str.o(.text)
    Str_Str                                  0x08007939   Thumb Code    24  lib_str.o(.text)
    Str_FmtNbr_Int32U                        0x08007b2d   Thumb Code    46  lib_str.o(.text)
    Str_FmtNbr_Int32S                        0x08007b5b   Thumb Code    62  lib_str.o(.text)
    Str_ParseNbr_Int32U                      0x08007d57   Thumb Code    30  lib_str.o(.text)
    Str_ParseNbr_Int32S                      0x08007d75   Thumb Code    74  lib_str.o(.text)
    Mem_Copy                                 0x08007dc5   Thumb Code     0  lib_mem_a.o(.text)
    OSCfg_Init                               0x08007fe5   Thumb Code    86  os_cfg_app.o(.text)
    OS_IdleTask                              0x080080e1   Thumb Code    60  os_core.o(.text)
    OS_IdleTaskInit                          0x0800811d   Thumb Code    68  os_core.o(.text)
    OS_RdyListInit                           0x08008161   Thumb Code    32  os_core.o(.text)
    OSInit                                   0x08008181   Thumb Code   300  os_core.o(.text)
    OSIntEnter                               0x080082ad   Thumb Code    34  os_core.o(.text)
    OSIntExit                                0x080082cf   Thumb Code   188  os_core.o(.text)
    OSSched                                  0x0800838b   Thumb Code   130  os_core.o(.text)
    OS_SchedLockTimeMeasStart                0x0800840d   Thumb Code    20  os_core.o(.text)
    OSSchedLock                              0x08008421   Thumb Code   104  os_core.o(.text)
    OS_SchedLockTimeMeasStop                 0x08008489   Thumb Code    44  os_core.o(.text)
    OSSchedUnlock                            0x080084b5   Thumb Code   286  os_core.o(.text)
    OSSchedRoundRobinCfg                     0x080085d3   Thumb Code    88  os_core.o(.text)
    OS_RdyListMoveHeadToTail                 0x0800862b   Thumb Code    68  os_core.o(.text)
    OSSchedRoundRobinYield                   0x0800866f   Thumb Code   164  os_core.o(.text)
    OSStart                                  0x08008713   Thumb Code    78  os_core.o(.text)
    OSVersion                                0x08008761   Thumb Code    12  os_core.o(.text)
    OS_PendDbgNameAdd                        0x0800876d   Thumb Code    66  os_core.o(.text)
    OS_PendListInsertPrio                    0x080087af   Thumb Code   102  os_core.o(.text)
    OS_PendDataInit                          0x08008815   Thumb Code    38  os_core.o(.text)
    OS_RdyListRemove                         0x0800883b   Thumb Code    86  os_core.o(.text)
    OS_TaskBlock                             0x08008891   Thumb Code    56  os_core.o(.text)
    OS_Pend                                  0x080088c9   Thumb Code    98  os_core.o(.text)
    OS_PendListRemove1                       0x0800892b   Thumb Code   136  os_core.o(.text)
    OS_PendListRemove                        0x080089b3   Thumb Code    48  os_core.o(.text)
    OS_PendAbort1                            0x080089e3   Thumb Code    36  os_core.o(.text)
    OS_RdyListInsertHead                     0x08008a07   Thumb Code    58  os_core.o(.text)
    OS_RdyListInsertTail                     0x08008a41   Thumb Code    56  os_core.o(.text)
    OS_RdyListInsert                         0x08008a79   Thumb Code    40  os_core.o(.text)
    OS_TaskRdy                               0x08008aa1   Thumb Code    28  os_core.o(.text)
    OS_PendAbort                             0x08008abd   Thumb Code   166  os_core.o(.text)
    OS_PendDbgNameRemove                     0x08008b63   Thumb Code    34  os_core.o(.text)
    OS_PendListChangePrio                    0x08008b85   Thumb Code    70  os_core.o(.text)
    OS_PendListInit                          0x08008bcb   Thumb Code    10  os_core.o(.text)
    OS_PendListInsertHead                    0x08008bd5   Thumb Code    32  os_core.o(.text)
    OS_PendObjDel1                           0x08008bf5   Thumb Code    36  os_core.o(.text)
    OS_PendObjDel                            0x08008c19   Thumb Code   162  os_core.o(.text)
    OS_Post1                                 0x08008cbb   Thumb Code    42  os_core.o(.text)
    OS_Post                                  0x08008ce5   Thumb Code   192  os_core.o(.text)
    OS_Sched0                                0x08008da5   Thumb Code    68  os_core.o(.text)
    OS_SchedRoundRobin                       0x08008de9   Thumb Code   218  os_core.o(.text)
    OS_Dbg_Init                              0x08008ed1   Thumb Code   146  os_dbg.o(.text)
    OS_FlagDbgListAdd                        0x08009081   Thumb Code    38  os_flag.o(.text)
    OSFlagCreate                             0x080090a7   Thumb Code   172  os_flag.o(.text)
    OS_FlagClr                               0x08009153   Thumb Code    28  os_flag.o(.text)
    OS_FlagDbgListRemove                     0x0800916f   Thumb Code    44  os_flag.o(.text)
    OSFlagDel                                0x0800919b   Thumb Code   594  os_flag.o(.text)
    OS_FlagBlock                             0x080093ed   Thumb Code    58  os_flag.o(.text)
    OSFlagPend                               0x08009427   Thumb Code  1488  os_flag.o(.text)
    OSFlagPendAbort                          0x080099f7   Thumb Code   292  os_flag.o(.text)
    OSFlagPendGetFlagsRdy                    0x08009b1b   Thumb Code    68  os_flag.o(.text)
    OS_FlagTaskRdy                           0x08009b5f   Thumb Code    86  os_flag.o(.text)
    OS_FlagPost                              0x08009bb5   Thumb Code   570  os_flag.o(.text)
    OSFlagPost                               0x08009def   Thumb Code   146  os_flag.o(.text)
    OS_FlagInit                              0x08009e81   Thumb Code    14  os_flag.o(.text)
    OS_IntQPost                              0x08009ea9   Thumb Code   216  os_int.o(.text)
    OS_IntQRePost                            0x08009f81   Thumb Code   360  os_int.o(.text)
    OS_IntQTask                              0x0800a0e9   Thumb Code   162  os_int.o(.text)
    OS_IntQTaskInit                          0x0800a18b   Thumb Code   208  os_int.o(.text)
    OS_MemDbgListAdd                         0x0800a2ed   Thumb Code    34  os_mem.o(.text)
    OSMemCreate                              0x0800a30f   Thumb Code   288  os_mem.o(.text)
    OSMemGet                                 0x0800a42f   Thumb Code   100  os_mem.o(.text)
    OSMemPut                                 0x0800a493   Thumb Code   112  os_mem.o(.text)
    OS_MemInit                               0x0800a503   Thumb Code    14  os_mem.o(.text)
    OS_MsgPoolCreate                         0x0800a525   Thumb Code    54  os_msg.o(.text)
    OS_MsgPoolInit                           0x0800a55b   Thumb Code    70  os_msg.o(.text)
    OS_MsgQFreeAll                           0x0800a5a1   Thumb Code    62  os_msg.o(.text)
    OS_MsgQInit                              0x0800a5df   Thumb Code    14  os_msg.o(.text)
    OS_MsgQGet                               0x0800a5ed   Thumb Code    98  os_msg.o(.text)
    OS_MsgQPut                               0x0800a64f   Thumb Code   246  os_msg.o(.text)
    OS_MutexDbgListAdd                       0x0800a751   Thumb Code    38  os_mutex.o(.text)
    OSMutexCreate                            0x0800a777   Thumb Code   178  os_mutex.o(.text)
    OS_MutexClr                              0x0800a829   Thumb Code    38  os_mutex.o(.text)
    OS_MutexDbgListRemove                    0x0800a84f   Thumb Code    44  os_mutex.o(.text)
    OSMutexDel                               0x0800a87b   Thumb Code   842  os_mutex.o(.text)
    OSMutexPend                              0x0800abc5   Thumb Code   706  os_mutex.o(.text)
    OSMutexPendAbort                         0x0800ae87   Thumb Code   314  os_mutex.o(.text)
    OSMutexPost                              0x0800afc1   Thumb Code   564  os_mutex.o(.text)
    OS_MutexInit                             0x0800b1f5   Thumb Code    14  os_mutex.o(.text)
    OS_PrioInit                              0x0800b225   Thumb Code    20  os_prio.o(.text)
    OS_PrioGetHighest                        0x0800b239   Thumb Code    36  os_prio.o(.text)
    OS_PrioInsert                            0x0800b25d   Thumb Code    32  os_prio.o(.text)
    OS_PrioRemove                            0x0800b27d   Thumb Code    32  os_prio.o(.text)
    OS_QDbgListAdd                           0x0800b2a1   Thumb Code    38  os_q.o(.text)
    OSQCreate                                0x0800b2c7   Thumb Code   186  os_q.o(.text)
    OS_QClr                                  0x0800b381   Thumb Code    40  os_q.o(.text)
    OS_QDbgListRemove                        0x0800b3a9   Thumb Code    44  os_q.o(.text)
    OSQDel                                   0x0800b3d5   Thumb Code   362  os_q.o(.text)
    OSQFlush                                 0x0800b53f   Thumb Code   210  os_q.o(.text)
    OSQPend                                  0x0800b611   Thumb Code   538  os_q.o(.text)
    OSQPendAbort                             0x0800b82b   Thumb Code   292  os_q.o(.text)
    OS_QPost                                 0x0800b94f   Thumb Code   324  os_q.o(.text)
    OSQPost                                  0x0800ba93   Thumb Code   198  os_q.o(.text)
    OS_QInit                                 0x0800bb59   Thumb Code    14  os_q.o(.text)
    OS_SemDbgListAdd                         0x0800bb79   Thumb Code    38  os_sem.o(.text)
    OSSemCreate                              0x0800bb9f   Thumb Code   172  os_sem.o(.text)
    OS_SemClr                                0x0800bc4b   Thumb Code    28  os_sem.o(.text)
    OS_SemDbgListRemove                      0x0800bc67   Thumb Code    44  os_sem.o(.text)
    OSSemDel                                 0x0800bc93   Thumb Code   362  os_sem.o(.text)
    OSSemPend                                0x0800bdfd   Thumb Code   504  os_sem.o(.text)
    OSSemPendAbort                           0x0800bff5   Thumb Code   292  os_sem.o(.text)
    OS_SemPost                               0x0800c119   Thumb Code   350  os_sem.o(.text)
    OSSemPost                                0x0800c277   Thumb Code   144  os_sem.o(.text)
    OSSemSet                                 0x0800c307   Thumb Code   138  os_sem.o(.text)
    OS_SemInit                               0x0800c391   Thumb Code    14  os_sem.o(.text)
    OSStatReset                              0x0800c3a9   Thumb Code   270  os_stat.o(.text)
    OSStatTaskCPUUsageInit                   0x0800c4b7   Thumb Code   212  os_stat.o(.text)
    OS_StatTask                              0x0800c58b   Thumb Code   888  os_stat.o(.text)
    OS_StatTaskInit                          0x0800c903   Thumb Code   138  os_stat.o(.text)
    OSTaskChangePrio                         0x0800c9e1   Thumb Code   416  os_task.o(.text)
    OS_TaskDbgListAdd                        0x0800cb81   Thumb Code    42  os_task.o(.text)
    OS_TaskInitTCB                           0x0800cbab   Thumb Code   190  os_task.o(.text)
    OSTaskCreate                             0x0800cc69   Thumb Code   616  os_task.o(.text)
    OS_TaskDbgListRemove                     0x0800ced1   Thumb Code    64  os_task.o(.text)
    OSTaskDel                                0x0800cf11   Thumb Code   424  os_task.o(.text)
    OSTaskQFlush                             0x0800d0b9   Thumb Code   214  os_task.o(.text)
    OSTaskQPend                              0x0800d18f   Thumb Code   554  os_task.o(.text)
    OSTaskQPendAbort                         0x0800d3b9   Thumb Code   242  os_task.o(.text)
    OS_TaskQPost                             0x0800d4ab   Thumb Code   526  os_task.o(.text)
    OSTaskQPost                              0x0800d6b9   Thumb Code   114  os_task.o(.text)
    OSTaskRegGet                             0x0800d72b   Thumb Code    78  os_task.o(.text)
    OSTaskRegGetID                           0x0800d779   Thumb Code    84  os_task.o(.text)
    OSTaskRegSet                             0x0800d7cd   Thumb Code    78  os_task.o(.text)
    OS_TaskResume                            0x0800d81b   Thumb Code   314  os_task.o(.text)
    OSTaskResume                             0x0800d955   Thumb Code   112  os_task.o(.text)
    OSTaskSemPend                            0x0800d9c5   Thumb Code   550  os_task.o(.text)
    OSTaskSemPendAbort                       0x0800dbeb   Thumb Code   270  os_task.o(.text)
    OS_TaskSemPost                           0x0800dcf9   Thumb Code  1224  os_task.o(.text)
    OSTaskSemPost                            0x0800e1c1   Thumb Code    98  os_task.o(.text)
    OSTaskSemSet                             0x0800e223   Thumb Code    80  os_task.o(.text)
    OSTaskStkChk                             0x0800e273   Thumb Code   224  os_task.o(.text)
    OS_TaskSuspend                           0x0800e353   Thumb Code   328  os_task.o(.text)
    OSTaskSuspend                            0x0800e49b   Thumb Code    78  os_task.o(.text)
    OSTaskTimeQuantaSet                      0x0800e4e9   Thumb Code    96  os_task.o(.text)
    OS_TaskInit                              0x0800e549   Thumb Code    18  os_task.o(.text)
    OS_TaskReturn                            0x0800e55b   Thumb Code    20  os_task.o(.text)
    OS_TickListRemove                        0x0800e599   Thumb Code    56  os_tick.o(.text)
    OS_TickListUpdate                        0x0800e5d1   Thumb Code   480  os_tick.o(.text)
    OS_TickTask                              0x0800e7b1   Thumb Code    38  os_tick.o(.text)
    OS_TickListInit                          0x0800e7d7   Thumb Code    32  os_tick.o(.text)
    OS_TickTaskInit                          0x0800e7f7   Thumb Code   130  os_tick.o(.text)
    OS_TickListInsert                        0x0800e879   Thumb Code   502  os_tick.o(.text)
    OS_TickListResetPeak                     0x0800ea6f   Thumb Code    28  os_tick.o(.text)
    OSTimeDly                                0x0800ea95   Thumb Code   266  os_time.o(.text)
    OSTimeDlyHMSM                            0x0800eb9f   Thumb Code   480  os_time.o(.text)
    OSTimeDlyResume                          0x0800ed7f   Thumb Code   466  os_time.o(.text)
    OSTimeGet                                0x0800ef51   Thumb Code    46  os_time.o(.text)
    OSTimeSet                                0x0800ef7f   Thumb Code    46  os_time.o(.text)
    OSTimeTick                               0x0800efad   Thumb Code    54  os_time.o(.text)
    OS_TmrDbgListAdd                         0x0800eff9   Thumb Code    34  os_tmr.o(.text)
    OSTmrCreate                              0x0800f01b   Thumb Code   248  os_tmr.o(.text)
    OS_TmrClr                                0x0800f113   Thumb Code    36  os_tmr.o(.text)
    OS_TmrUnlink                             0x0800f137   Thumb Code    72  os_tmr.o(.text)
    OS_TmrDbgListRemove                      0x0800f17f   Thumb Code    44  os_tmr.o(.text)
    OSTmrDel                                 0x0800f1ab   Thumb Code   176  os_tmr.o(.text)
    OSTmrRemainGet                           0x0800f25b   Thumb Code   184  os_tmr.o(.text)
    OS_TmrLink                               0x0800f313   Thumb Code   196  os_tmr.o(.text)
    OSTmrStart                               0x0800f3d7   Thumb Code   210  os_tmr.o(.text)
    OSTmrStateGet                            0x0800f4a9   Thumb Code   134  os_tmr.o(.text)
    OSTmrStop                                0x0800f52f   Thumb Code   232  os_tmr.o(.text)
    OS_TmrTask                               0x0800f617   Thumb Code   176  os_tmr.o(.text)
    OS_TmrInit                               0x0800f6c7   Thumb Code   208  os_tmr.o(.text)
    OS_TmrResetPeak                          0x0800f797   Thumb Code    28  os_tmr.o(.text)
    OSIdleTaskHook                           0x0800f811   Thumb Code    16  os_cpu_c.o(.text)
    OSInitHook                               0x0800f821   Thumb Code    28  os_cpu_c.o(.text)
    OSStatTaskHook                           0x0800f83d   Thumb Code    16  os_cpu_c.o(.text)
    OSTaskCreateHook                         0x0800f84d   Thumb Code    20  os_cpu_c.o(.text)
    OSTaskDelHook                            0x0800f861   Thumb Code    20  os_cpu_c.o(.text)
    OSTaskReturnHook                         0x0800f875   Thumb Code    20  os_cpu_c.o(.text)
    OSTaskStkInit                            0x0800f889   Thumb Code   600  os_cpu_c.o(.text)
    OSTaskSwHook                             0x0800fae1   Thumb Code   120  os_cpu_c.o(.text)
    OSTimeTickHook                           0x0800fb59   Thumb Code    16  os_cpu_c.o(.text)
    OS_CPU_SysTickHandler                    0x0800fb69   Thumb Code    52  os_cpu_c.o(.text)
    OS_CPU_SysTickInit                       0x0800fb9d   Thumb Code    44  os_cpu_c.o(.text)
    __use_no_semihosting                     0x0800fc09   Thumb Code     2  use_no_semi_2.o(.text)
    __aeabi_uldivmod                         0x0800fc0b   Thumb Code     0  lludivv7m.o(.text)
    _ll_udiv                                 0x0800fc0b   Thumb Code   238  lludivv7m.o(.text)
    __2printf                                0x0800fcf9   Thumb Code    20  noretval__2printf.o(.text)
    __2sprintf                               0x0800fd11   Thumb Code    34  noretval__2sprintf.o(.text)
    __printf                                 0x0800fd39   Thumb Code   104  __printf.o(.text)
    _printf_int_dec                          0x0800fda1   Thumb Code   104  _printf_dec.o(.text)
    atoi                                     0x0800fe19   Thumb Code    26  atoi.o(.text)
    strcpy                                   0x0800fe33   Thumb Code    72  strcpy.o(.text)
    __aeabi_memclr4                          0x0800fe7b   Thumb Code     0  rt_memclr_w.o(.text)
    __aeabi_memclr8                          0x0800fe7b   Thumb Code     0  rt_memclr_w.o(.text)
    __rt_memclr_w                            0x0800fe7b   Thumb Code    78  rt_memclr_w.o(.text)
    _memset_w                                0x0800fe7f   Thumb Code     0  rt_memclr_w.o(.text)
    __use_two_region_memory                  0x0800fec9   Thumb Code     2  heapauxi.o(.text)
    __rt_heap_escrow$2region                 0x0800fecb   Thumb Code     2  heapauxi.o(.text)
    __rt_heap_expand$2region                 0x0800fecd   Thumb Code     2  heapauxi.o(.text)
    __I$use$semihosting                      0x0800fecf   Thumb Code     0  use_no_semi.o(.text)
    __use_no_semihosting_swi                 0x0800fecf   Thumb Code     2  use_no_semi.o(.text)
    __aeabi_errno_addr                       0x0800fed1   Thumb Code     8  rt_errno_addr_intlibspace.o(.text)
    __errno$intlibspace                      0x0800fed1   Thumb Code     0  rt_errno_addr_intlibspace.o(.text)
    __rt_errno_addr$intlibspace              0x0800fed1   Thumb Code     0  rt_errno_addr_intlibspace.o(.text)
    __read_errno                             0x0800fed9   Thumb Code    10  _rserrno.o(.text)
    __set_errno                              0x0800fee3   Thumb Code    12  _rserrno.o(.text)
    _printf_int_common                       0x0800feef   Thumb Code   178  _printf_intcommon.o(.text)
    _printf_char_common                      0x0800ffab   Thumb Code    32  _printf_char_common.o(.text)
    _sputc                                   0x0800ffd1   Thumb Code    10  _sputc.o(.text)
    _printf_char_file                        0x0800ffdd   Thumb Code    32  _printf_char_file.o(.text)
    __strtod_int                             0x0801003d   Thumb Code    90  strtod.o(.text)
    strtol                                   0x080100a5   Thumb Code   112  strtol.o(.text)
    __user_libspace                          0x08010115   Thumb Code     8  libspace.o(.text)
    __user_perproc_libspace                  0x08010115   Thumb Code     0  libspace.o(.text)
    __user_perthread_libspace                0x08010115   Thumb Code     0  libspace.o(.text)
    __rt_ctype_table                         0x0801011d   Thumb Code    16  rt_ctype_table.o(.text)
    isspace                                  0x0801012d   Thumb Code    18  isspace.o(.text)
    _sgetc                                   0x0801013f   Thumb Code    30  _sgetc.o(.text)
    _sbackspace                              0x0801015d   Thumb Code    34  _sgetc.o(.text)
    _strtoul                                 0x0801017f   Thumb Code   158  _strtoul.o(.text)
    ferror                                   0x0801021d   Thumb Code     8  ferror.o(.text)
    __user_setup_stackheap                   0x08010225   Thumb Code    74  sys_stackheap_outer.o(.text)
    __rt_locale                              0x08010271   Thumb Code     8  rt_locale_intlibspace.o(.text)
    _chval                                   0x08010279   Thumb Code    28  _chval.o(.text)
    _scanf_really_real                       0x08010491   Thumb Code   668  scanf_fp.o(.text)
    exit                                     0x08010739   Thumb Code    18  exit.o(.text)
    strcmp                                   0x0801074d   Thumb Code   128  strcmpv7m.o(.text)
    _btod_etento                             0x080107cd   Thumb Code   216  bigflt0.o(.text)
    _scanf_really_hex_real                   0x080108a9   Thumb Code   786  scanf_hexfp.o(.text)
    _scanf_really_infnan                     0x08010bc9   Thumb Code   292  scanf_infnan.o(.text)
    __aeabi_llsl                             0x08010cfd   Thumb Code     0  llshl.o(.text)
    _ll_shift_l                              0x08010cfd   Thumb Code    38  llshl.o(.text)
    __btod_div_common                        0x08010d23   Thumb Code   696  btod.o(CL$$btod_div_common)
    _e2d                                     0x0801105d   Thumb Code    80  btod.o(CL$$btod_e2d)
    _e2e                                     0x080110b1   Thumb Code   198  btod.o(CL$$btod_e2e)
    _btod_ediv                               0x08011177   Thumb Code    40  btod.o(CL$$btod_ediv)
    _btod_edivd                              0x0801119f   Thumb Code    40  btod.o(CL$$btod_edivd)
    _btod_emul                               0x080111c7   Thumb Code    40  btod.o(CL$$btod_emul)
    _btod_emuld                              0x080111ef   Thumb Code    40  btod.o(CL$$btod_emuld)
    __btod_mult_common                       0x08011217   Thumb Code   580  btod.o(CL$$btod_mult_common)
    OSStartHighRdy                           0x0801145d   Thumb Code     0  os_cpu_a.o(CODE)
    OSCtxSw                                  0x0801147f   Thumb Code     0  os_cpu_a.o(CODE)
    OSIntCtxSw                               0x08011489   Thumb Code     0  os_cpu_a.o(CODE)
    PendSV_Handler                           0x08011493   Thumb Code     0  os_cpu_a.o(CODE)
    __hardfp_atof                            0x08011509   Thumb Code    44  atof.o(i.__hardfp_atof)
    __hardfp_ldexp                           0x08011541   Thumb Code   200  ldexp.o(i.__hardfp_ldexp)
    __mathlib_dbl_overflow                   0x08011611   Thumb Code    24  dunder.o(i.__mathlib_dbl_overflow)
    __mathlib_dbl_underflow                  0x08011631   Thumb Code    24  dunder.o(i.__mathlib_dbl_underflow)
    __mathlib_narrow                         0x08011651   Thumb Code   166  narrow.o(i.__mathlib_narrow)
    __support_ldexp                          0x08011709   Thumb Code    20  ldexp.o(i.__support_ldexp)
    _is_digit                                0x0801171d   Thumb Code    14  __printf_wp.o(i._is_digit)
    frexp                                    0x08011731   Thumb Code   118  frexp.o(i.frexp)
    _get_lc_numeric                          0x080117bd   Thumb Code    44  lc_numeric_c.o(locale$$code)
    _get_lc_ctype                            0x080117e9   Thumb Code    44  lc_ctype_c.o(locale$$code)
    __aeabi_d2f                              0x08011815   Thumb Code     0  d2f.o(x$fpl$d2f)
    _d2f                                     0x08011815   Thumb Code    98  d2f.o(x$fpl$d2f)
    __aeabi_dadd                             0x08011879   Thumb Code     0  daddsub_clz.o(x$fpl$dadd)
    _dadd                                    0x08011879   Thumb Code   332  daddsub_clz.o(x$fpl$dadd)
    __fpl_dcheck_NaN1                        0x080119c9   Thumb Code    10  dcheck1.o(x$fpl$dcheck1)
    __fpl_dcmp_Inf                           0x080119d9   Thumb Code    24  dcmpi.o(x$fpl$dcmpinf)
    __aeabi_ddiv                             0x080119f1   Thumb Code     0  ddiv.o(x$fpl$ddiv)
    _ddiv                                    0x080119f1   Thumb Code   552  ddiv.o(x$fpl$ddiv)
    __aeabi_cdcmpeq                          0x08011ca1   Thumb Code     0  deqf.o(x$fpl$deqf)
    _dcmpeq                                  0x08011ca1   Thumb Code   120  deqf.o(x$fpl$deqf)
    __aeabi_i2d                              0x08011d19   Thumb Code     0  dflt_clz.o(x$fpl$dflt)
    _dflt                                    0x08011d19   Thumb Code    46  dflt_clz.o(x$fpl$dflt)
    __aeabi_ui2d                             0x08011d47   Thumb Code     0  dflt_clz.o(x$fpl$dfltu)
    _dfltu                                   0x08011d47   Thumb Code    38  dflt_clz.o(x$fpl$dfltu)
    __aeabi_cdcmple                          0x08011d6d   Thumb Code     0  dleqf.o(x$fpl$dleqf)
    _dcmple                                  0x08011d6d   Thumb Code   120  dleqf.o(x$fpl$dleqf)
    __fpl_dcmple_InfNaN                      0x08011dcf   Thumb Code     0  dleqf.o(x$fpl$dleqf)
    __aeabi_dmul                             0x08011de5   Thumb Code     0  dmul.o(x$fpl$dmul)
    _dmul                                    0x08011de5   Thumb Code   332  dmul.o(x$fpl$dmul)
    __fpl_dnaninf                            0x08011f39   Thumb Code   156  dnaninf.o(x$fpl$dnaninf)
    __fpl_dretinf                            0x08011fd5   Thumb Code    12  dretinf.o(x$fpl$dretinf)
    __aeabi_cdrcmple                         0x08011fe1   Thumb Code     0  drleqf.o(x$fpl$drleqf)
    _drcmple                                 0x08011fe1   Thumb Code   108  drleqf.o(x$fpl$drleqf)
    __aeabi_dsub                             0x0801204d   Thumb Code     0  daddsub_clz.o(x$fpl$dsub)
    _dsub                                    0x0801204d   Thumb Code   464  daddsub_clz.o(x$fpl$dsub)
    __aeabi_f2d                              0x08012221   Thumb Code     0  f2d.o(x$fpl$f2d)
    _f2d                                     0x08012221   Thumb Code    86  f2d.o(x$fpl$f2d)
    __fpl_fnaninf                            0x08012277   Thumb Code   140  fnaninf.o(x$fpl$fnaninf)
    _fp_init                                 0x08012303   Thumb Code    10  fpinit.o(x$fpl$fpinit)
    __fplib_config_fpu_vfp                   0x0801230b   Thumb Code     0  fpinit.o(x$fpl$fpinit)
    __fplib_config_pureend_doubles           0x0801230b   Thumb Code     0  fpinit.o(x$fpl$fpinit)
    __fpl_fretinf                            0x0801230d   Thumb Code    10  fretinf.o(x$fpl$fretinf)
    __fpl_return_NaN                         0x08012317   Thumb Code   100  retnan.o(x$fpl$retnan)
    __ARM_scalbn                             0x0801237b   Thumb Code    92  scalbn.o(x$fpl$scalbn)
    _scanf_real                              0x080123d7   Thumb Code     4  scanf1.o(x$fpl$scanf1)
    _scanf_hex_real                          0x080123db   Thumb Code     4  scanf2.o(x$fpl$scanf2)
    _scanf_infnan                            0x080123df   Thumb Code     4  scanf2.o(x$fpl$scanf2)
    __fpl_cmpreturn                          0x080123e3   Thumb Code    48  trapv.o(x$fpl$trapveneer)
    __I$use$fp                               0x08012412   Number         0  usenofp.o(x$fpl$usenofp)
    CPU_EndiannessTest                       0x08012514   Data           4  cpu_core.o(.constdata)
    OSCfg_IdleTaskStkBasePtr                 0x080125ac   Data           4  os_cfg_app.o(.constdata)
    OSCfg_IdleTaskStkLimit                   0x080125b0   Data           4  os_cfg_app.o(.constdata)
    OSCfg_IdleTaskStkSize                    0x080125b4   Data           4  os_cfg_app.o(.constdata)
    OSCfg_IdleTaskStkSizeRAM                 0x080125b8   Data           4  os_cfg_app.o(.constdata)
    OSCfg_IntQBasePtr                        0x080125bc   Data           4  os_cfg_app.o(.constdata)
    OSCfg_IntQSize                           0x080125c0   Data           2  os_cfg_app.o(.constdata)
    OSCfg_IntQSizeRAM                        0x080125c4   Data           4  os_cfg_app.o(.constdata)
    OSCfg_IntQTaskStkBasePtr                 0x080125c8   Data           4  os_cfg_app.o(.constdata)
    OSCfg_IntQTaskStkLimit                   0x080125cc   Data           4  os_cfg_app.o(.constdata)
    OSCfg_IntQTaskStkSize                    0x080125d0   Data           4  os_cfg_app.o(.constdata)
    OSCfg_IntQTaskStkSizeRAM                 0x080125d4   Data           4  os_cfg_app.o(.constdata)
    OSCfg_ISRStkBasePtr                      0x080125d8   Data           4  os_cfg_app.o(.constdata)
    OSCfg_ISRStkSize                         0x080125dc   Data           4  os_cfg_app.o(.constdata)
    OSCfg_ISRStkSizeRAM                      0x080125e0   Data           4  os_cfg_app.o(.constdata)
    OSCfg_MsgPoolSize                        0x080125e4   Data           2  os_cfg_app.o(.constdata)
    OSCfg_MsgPoolSizeRAM                     0x080125e8   Data           4  os_cfg_app.o(.constdata)
    OSCfg_MsgPoolBasePtr                     0x080125ec   Data           4  os_cfg_app.o(.constdata)
    OSCfg_StatTaskPrio                       0x080125f0   Data           1  os_cfg_app.o(.constdata)
    OSCfg_StatTaskRate_Hz                    0x080125f4   Data           4  os_cfg_app.o(.constdata)
    OSCfg_StatTaskStkBasePtr                 0x080125f8   Data           4  os_cfg_app.o(.constdata)
    OSCfg_StatTaskStkLimit                   0x080125fc   Data           4  os_cfg_app.o(.constdata)
    OSCfg_StatTaskStkSize                    0x08012600   Data           4  os_cfg_app.o(.constdata)
    OSCfg_StatTaskStkSizeRAM                 0x08012604   Data           4  os_cfg_app.o(.constdata)
    OSCfg_StkSizeMin                         0x08012608   Data           4  os_cfg_app.o(.constdata)
    OSCfg_TickRate_Hz                        0x0801260c   Data           4  os_cfg_app.o(.constdata)
    OSCfg_TickTaskPrio                       0x08012610   Data           1  os_cfg_app.o(.constdata)
    OSCfg_TickTaskStkBasePtr                 0x08012614   Data           4  os_cfg_app.o(.constdata)
    OSCfg_TickTaskStkLimit                   0x08012618   Data           4  os_cfg_app.o(.constdata)
    OSCfg_TickTaskStkSize                    0x0801261c   Data           4  os_cfg_app.o(.constdata)
    OSCfg_TickTaskStkSizeRAM                 0x08012620   Data           4  os_cfg_app.o(.constdata)
    OSCfg_TickWheelSize                      0x08012624   Data           2  os_cfg_app.o(.constdata)
    OSCfg_TickWheelSizeRAM                   0x08012628   Data           4  os_cfg_app.o(.constdata)
    OSCfg_TmrTaskPrio                        0x0801262c   Data           1  os_cfg_app.o(.constdata)
    OSCfg_TmrTaskRate_Hz                     0x08012630   Data           4  os_cfg_app.o(.constdata)
    OSCfg_TmrTaskStkBasePtr                  0x08012634   Data           4  os_cfg_app.o(.constdata)
    OSCfg_TmrTaskStkLimit                    0x08012638   Data           4  os_cfg_app.o(.constdata)
    OSCfg_TmrTaskStkSize                     0x0801263c   Data           4  os_cfg_app.o(.constdata)
    OSCfg_TmrTaskStkSizeRAM                  0x08012640   Data           4  os_cfg_app.o(.constdata)
    OSCfg_TmrWheelSize                       0x08012644   Data           2  os_cfg_app.o(.constdata)
    OSCfg_TmrWheelSizeRAM                    0x08012648   Data           4  os_cfg_app.o(.constdata)
    OSCfg_DataSizeRAM                        0x0801264c   Data           4  os_cfg_app.o(.constdata)
    OSDbg_DbgEn                              0x08012650   Data           2  os_dbg.o(.constdata)
    OSDbg_ArgChkEn                           0x08012652   Data           1  os_dbg.o(.constdata)
    OSDbg_AppHooksEn                         0x08012653   Data           1  os_dbg.o(.constdata)
    OSDbg_EndiannessTest                     0x08012654   Data           4  os_dbg.o(.constdata)
    OSDbg_CalledFromISRChkEn                 0x08012658   Data           1  os_dbg.o(.constdata)
    OSDbg_FlagEn                             0x08012659   Data           1  os_dbg.o(.constdata)
    OSDbg_FlagGrp                            0x0801265c   Data          40  os_dbg.o(.constdata)
    OSDbg_FlagDelEn                          0x08012684   Data           1  os_dbg.o(.constdata)
    OSDbg_FlagModeClrEn                      0x08012685   Data           1  os_dbg.o(.constdata)
    OSDbg_FlagPendAbortEn                    0x08012686   Data           1  os_dbg.o(.constdata)
    OSDbg_FlagGrpSize                        0x08012688   Data           2  os_dbg.o(.constdata)
    OSDbg_FlagWidth                          0x0801268a   Data           2  os_dbg.o(.constdata)
    OSDbg_IntQ                               0x0801268c   Data           2  os_dbg.o(.constdata)
    OSDbg_ISRPostDeferredEn                  0x0801268e   Data           1  os_dbg.o(.constdata)
    OSDbg_Mem                                0x08012690   Data          32  os_dbg.o(.constdata)
    OSDbg_MemEn                              0x080126b0   Data           1  os_dbg.o(.constdata)
    OSDbg_MemSize                            0x080126b2   Data           2  os_dbg.o(.constdata)
    OSDbg_MsgEn                              0x080126b4   Data           1  os_dbg.o(.constdata)
    OSDbg_MsgSize                            0x080126b6   Data           2  os_dbg.o(.constdata)
    OSDbg_MsgPoolSize                        0x080126b8   Data           2  os_dbg.o(.constdata)
    OSDbg_MsgQSize                           0x080126ba   Data           2  os_dbg.o(.constdata)
    OSDbg_Mutex                              0x080126bc   Data          44  os_dbg.o(.constdata)
    OSDbg_MutexEn                            0x080126e8   Data           1  os_dbg.o(.constdata)
    OSDbg_MutexDelEn                         0x080126e9   Data           1  os_dbg.o(.constdata)
    OSDbg_MutexPendAbortEn                   0x080126ea   Data           1  os_dbg.o(.constdata)
    OSDbg_MutexSize                          0x080126ec   Data           2  os_dbg.o(.constdata)
    OSDbg_ObjTypeChkEn                       0x080126ee   Data           1  os_dbg.o(.constdata)
    OSDbg_PendMultiEn                        0x080126ef   Data           1  os_dbg.o(.constdata)
    OSDbg_PendDataSize                       0x080126f0   Data           2  os_dbg.o(.constdata)
    OSDbg_PendListSize                       0x080126f2   Data           2  os_dbg.o(.constdata)
    OSDbg_PendObjSize                        0x080126f4   Data           2  os_dbg.o(.constdata)
    OSDbg_PrioMax                            0x080126f6   Data           2  os_dbg.o(.constdata)
    OSDbg_PrioTblSize                        0x080126f8   Data           2  os_dbg.o(.constdata)
    OSDbg_PtrSize                            0x080126fa   Data           2  os_dbg.o(.constdata)
    OSDbg_Q                                  0x080126fc   Data          48  os_dbg.o(.constdata)
    OSDbg_QEn                                0x0801272c   Data           1  os_dbg.o(.constdata)
    OSDbg_QDelEn                             0x0801272d   Data           1  os_dbg.o(.constdata)
    OSDbg_QFlushEn                           0x0801272e   Data           1  os_dbg.o(.constdata)
    OSDbg_QPendAbortEn                       0x0801272f   Data           1  os_dbg.o(.constdata)
    OSDbg_QSize                              0x08012730   Data           2  os_dbg.o(.constdata)
    OSDbg_SchedRoundRobinEn                  0x08012732   Data           1  os_dbg.o(.constdata)
    OSDbg_Sem                                0x08012734   Data          40  os_dbg.o(.constdata)
    OSDbg_SemEn                              0x0801275c   Data           1  os_dbg.o(.constdata)
    OSDbg_SemDelEn                           0x0801275d   Data           1  os_dbg.o(.constdata)
    OSDbg_SemPendAbortEn                     0x0801275e   Data           1  os_dbg.o(.constdata)
    OSDbg_SemSetEn                           0x0801275f   Data           1  os_dbg.o(.constdata)
    OSDbg_SemSize                            0x08012760   Data           2  os_dbg.o(.constdata)
    OSDbg_RdyList                            0x08012762   Data           2  os_dbg.o(.constdata)
    OSDbg_RdyListSize                        0x08012764   Data           4  os_dbg.o(.constdata)
    OSDbg_StkWidth                           0x08012768   Data           1  os_dbg.o(.constdata)
    OSDbg_StatTaskEn                         0x08012769   Data           1  os_dbg.o(.constdata)
    OSDbg_StatTaskStkChkEn                   0x0801276a   Data           1  os_dbg.o(.constdata)
    OSDbg_TaskChangePrioEn                   0x0801276b   Data           1  os_dbg.o(.constdata)
    OSDbg_TaskDelEn                          0x0801276c   Data           1  os_dbg.o(.constdata)
    OSDbg_TaskQEn                            0x0801276d   Data           1  os_dbg.o(.constdata)
    OSDbg_TaskQPendAbortEn                   0x0801276e   Data           1  os_dbg.o(.constdata)
    OSDbg_TaskProfileEn                      0x0801276f   Data           1  os_dbg.o(.constdata)
    OSDbg_TaskRegTblSize                     0x08012770   Data           2  os_dbg.o(.constdata)
    OSDbg_TaskSemPendAbortEn                 0x08012772   Data           1  os_dbg.o(.constdata)
    OSDbg_TaskSuspendEn                      0x08012773   Data           1  os_dbg.o(.constdata)
    OSDbg_TCBSize                            0x08012774   Data           2  os_dbg.o(.constdata)
    OSDbg_TickSpokeSize                      0x08012776   Data           2  os_dbg.o(.constdata)
    OSDbg_TimeDlyHMSMEn                      0x08012778   Data           1  os_dbg.o(.constdata)
    OSDbg_TimeDlyResumeEn                    0x08012779   Data           1  os_dbg.o(.constdata)
    OSDbg_TLS_TblSize                        0x0801277a   Data           2  os_dbg.o(.constdata)
    OSDbg_Tmr                                0x0801277c   Data          52  os_dbg.o(.constdata)
    OSDbg_TmrEn                              0x080127b0   Data           1  os_dbg.o(.constdata)
    OSDbg_TmrDelEn                           0x080127b1   Data           1  os_dbg.o(.constdata)
    OSDbg_TmrSize                            0x080127b2   Data           2  os_dbg.o(.constdata)
    OSDbg_TmrSpokeSize                       0x080127b4   Data           2  os_dbg.o(.constdata)
    OSDbg_VersionNbr                         0x080127b6   Data           2  os_dbg.o(.constdata)
    OSDbg_DataSize                           0x080127b8   Data           4  os_dbg.o(.constdata)
    Region$$Table$$Base                      0x08012850   Number         0  anon$$obj.o(Region$$Table)
    Region$$Table$$Limit                     0x08012870   Number         0  anon$$obj.o(Region$$Table)
    __aeabi_HUGE_VAL                         0x08012870   Data           0  fpconst.o(c$$dinf)
    __aeabi_HUGE_VALL                        0x08012870   Data           0  fpconst.o(c$$dinf)
    __aeabi_INFINITY                         0x08012870   Data           0  fpconst.o(c$$dinf)
    __dInf                                   0x08012870   Data           0  fpconst.o(c$$dinf)
    __huge_val                               0x08012870   Data           0  fpconst.o(c$$dinf)
    __ctype                                  0x080128a1   Data           0  lc_ctype_c.o(locale$$data)
    carbinet_exp_state                       0x20000000   Data           6  main.o(.data)
    signal                                   0x20000006   Data           8  main.o(.data)
    SystemCoreClock                          0x20000010   Data           4  system_stm32f4xx.o(.data)
    AHBPrescTable                            0x20000014   Data          16  system_stm32f4xx.o(.data)
    steps_L                                  0x20000024   Data           4  exti.o(.data)
    steps_R                                  0x20000028   Data           4  exti.o(.data)
    USART2_RX_COUNT                          0x2000002c   Data           1  usart2.o(.data)
    REC_ACC_FLAG                             0x2000002d   Data           1  usart2.o(.data)
    REC2_FLAG                                0x2000002e   Data           1  usart2.o(.data)
    Ax                                       0x20000030   Data           4  usart2.o(.data)
    Ay                                       0x20000034   Data           4  usart2.o(.data)
    Az                                       0x20000038   Data           4  usart2.o(.data)
    Pitch                                    0x2000003c   Data           4  usart2.o(.data)
    Roll                                     0x20000040   Data           4  usart2.o(.data)
    Yaw                                      0x20000044   Data           4  usart2.o(.data)
    Temperature                              0x20000048   Data           4  usart2.o(.data)
    counter                                  0x2000004c   Data           1  usart3.o(.data)
    Acc                                      0x2000004e   Data           6  mpu9250.o(.data)
    Gyro                                     0x20000054   Data           6  mpu9250.o(.data)
    Mag                                      0x2000005a   Data           6  mpu9250.o(.data)
    Mag_Fuse                                 0x20000060   Data           6  mpu9250.o(.data)
    Gy_SET                                   0x20000066   Data           6  mpu9250.o(.data)
    GYRO_OFFSET                              0x2000006c   Data           6  mpu9250.o(.data)
    Acc_OFFSET                               0x20000072   Data           6  mpu9250.o(.data)
    MPU6050_GYRO_LAST                        0x20000078   Data           6  mpu9250.o(.data)
    counter_L                                0x20000080   Data           8  motor.o(.data)
    counter_R                                0x20000088   Data           8  motor.o(.data)
    arr_L                                    0x20000090   Data           8  motor.o(.data)
    arr_R                                    0x20000098   Data           8  motor.o(.data)
    TIM4CH1_CAPTURE_STA                      0x200000a0   Data           1  icapture.o(.data)
    TIM4CH2_CAPTURE_STA                      0x200000a1   Data           1  icapture.o(.data)
    TIM4CH3_CAPTURE_STA                      0x200000a2   Data           1  icapture.o(.data)
    TIM4CH4_CAPTURE_STA                      0x200000a3   Data           1  icapture.o(.data)
    TIM4CH1_CAPTURE_VAL                      0x200000a4   Data           4  icapture.o(.data)
    TIM4CH2_CAPTURE_VAL                      0x200000a8   Data           4  icapture.o(.data)
    TIM4CH3_CAPTURE_VAL                      0x200000ac   Data           4  icapture.o(.data)
    TIM4CH4_CAPTURE_VAL                      0x200000b0   Data           4  icapture.o(.data)
    Process_finish_flag                      0x200000bc   Data           1  ctrl.o(.data)
    ax                                       0x200000c0   Data           4  ctrl.o(.data)
    ay                                       0x200000c4   Data           4  ctrl.o(.data)
    gz                                       0x200000c8   Data           4  ctrl.o(.data)
    usable_gz                                0x200000cc   Data           4  ctrl.o(.data)
    deg_angle                                0x200000d0   Data           4  ctrl.o(.data)
    vol_wL                                   0x200000d4   Data           4  ctrl.o(.data)
    vol_wR                                   0x200000d8   Data           4  ctrl.o(.data)
    delay_time                               0x200000ea   Data           1  limit_switch.o(.data)
    __stdout                                 0x20000100   Data           4  usart.o(.data)
    counter_usart1                           0x20000104   Data           1  usart.o(.data)
    CPU_TS_TmrFreq_Hz                        0x20000108   Data           4  cpu_core.o(.data)
    Mem_PoolTbl                              0x2000010c   Data           4  lib_mem.o(.data)
    OSPrioTbl                                0x20000110   Data           8  os_prio.o(.data)
    OS_AppTaskCreateHookPtr                  0x20000118   Data           4  os_var.o(.data)
    OS_AppTaskDelHookPtr                     0x2000011c   Data           4  os_var.o(.data)
    OS_AppTaskReturnHookPtr                  0x20000120   Data           4  os_var.o(.data)
    OS_AppIdleTaskHookPtr                    0x20000124   Data           4  os_var.o(.data)
    OS_AppStatTaskHookPtr                    0x20000128   Data           4  os_var.o(.data)
    OS_AppTaskSwHookPtr                      0x2000012c   Data           4  os_var.o(.data)
    OS_AppTimeTickHookPtr                    0x20000130   Data           4  os_var.o(.data)
    OSIdleTaskCtr                            0x20000134   Data           4  os_var.o(.data)
    OSIntNestingCtr                          0x20000138   Data           1  os_var.o(.data)
    OSRunning                                0x20000139   Data           1  os_var.o(.data)
    OSIntQInPtr                              0x2000013c   Data           4  os_var.o(.data)
    OSIntQOutPtr                             0x20000140   Data           4  os_var.o(.data)
    OSIntQNbrEntries                         0x20000144   Data           2  os_var.o(.data)
    OSIntQNbrEntriesMax                      0x20000146   Data           2  os_var.o(.data)
    OSIntQOvfCtr                             0x20000148   Data           2  os_var.o(.data)
    OSIntQTaskTimeMax                        0x2000014c   Data           4  os_var.o(.data)
    OSFlagDbgListPtr                         0x20000150   Data           4  os_var.o(.data)
    OSFlagQty                                0x20000154   Data           2  os_var.o(.data)
    OSMemDbgListPtr                          0x20000158   Data           4  os_var.o(.data)
    OSMemQty                                 0x2000015c   Data           2  os_var.o(.data)
    OSMutexDbgListPtr                        0x20000160   Data           4  os_var.o(.data)
    OSMutexQty                               0x20000164   Data           2  os_var.o(.data)
    OSPrioCur                                0x20000166   Data           1  os_var.o(.data)
    OSPrioHighRdy                            0x20000167   Data           1  os_var.o(.data)
    OSPrioSaved                              0x20000168   Data           1  os_var.o(.data)
    OSQDbgListPtr                            0x2000016c   Data           4  os_var.o(.data)
    OSQQty                                   0x20000170   Data           2  os_var.o(.data)
    OSSchedLockTimeBegin                     0x20000174   Data           4  os_var.o(.data)
    OSSchedLockTimeMax                       0x20000178   Data           4  os_var.o(.data)
    OSSchedLockTimeMaxCur                    0x2000017c   Data           4  os_var.o(.data)
    OSSchedLockNestingCtr                    0x20000180   Data           1  os_var.o(.data)
    OSSchedRoundRobinDfltTimeQuanta          0x20000184   Data           4  os_var.o(.data)
    OSSchedRoundRobinEn                      0x20000188   Data           1  os_var.o(.data)
    OSSemDbgListPtr                          0x2000018c   Data           4  os_var.o(.data)
    OSSemQty                                 0x20000190   Data           2  os_var.o(.data)
    OSStatResetFlag                          0x20000192   Data           1  os_var.o(.data)
    OSStatTaskCPUUsage                       0x20000194   Data           2  os_var.o(.data)
    OSStatTaskCPUUsageMax                    0x20000196   Data           2  os_var.o(.data)
    OSStatTaskCtr                            0x20000198   Data           4  os_var.o(.data)
    OSStatTaskCtrMax                         0x2000019c   Data           4  os_var.o(.data)
    OSStatTaskCtrRun                         0x200001a0   Data           4  os_var.o(.data)
    OSStatTaskRdy                            0x200001a4   Data           1  os_var.o(.data)
    OSStatTaskTimeMax                        0x200001a8   Data           4  os_var.o(.data)
    OSTaskCtxSwCtr                           0x200001ac   Data           4  os_var.o(.data)
    OSTaskDbgListPtr                         0x200001b0   Data           4  os_var.o(.data)
    OSTaskQty                                0x200001b4   Data           2  os_var.o(.data)
    OSTaskRegNextAvailID                     0x200001b6   Data           1  os_var.o(.data)
    OSTickCtr                                0x200001b8   Data           4  os_var.o(.data)
    OSTickTaskTimeMax                        0x200001bc   Data           4  os_var.o(.data)
    OSTmrDbgListPtr                          0x200001c0   Data           4  os_var.o(.data)
    OSTmrQty                                 0x200001c4   Data           2  os_var.o(.data)
    OSTmrTaskTimeMax                         0x200001c8   Data           4  os_var.o(.data)
    OSTmrTickCtr                             0x200001cc   Data           4  os_var.o(.data)
    OSTmrUpdateCnt                           0x200001d0   Data           4  os_var.o(.data)
    OSTmrUpdateCtr                           0x200001d4   Data           4  os_var.o(.data)
    OSTCBCurPtr                              0x200001d8   Data           4  os_var.o(.data)
    OSTCBHighRdyPtr                          0x200001dc   Data           4  os_var.o(.data)
    OS_CPU_ExceptStkBase                     0x200001e0   Data           4  os_cpu_c.o(.data)
    StartTaskTCB                             0x200001e4   Data         196  main.o(.bss)
    START_TASK_STK                           0x200002a8   Data         512  main.o(.bss)
    LED_TASK_TaskTCB                         0x200004a8   Data         196  main.o(.bss)
    LED_TASK_STK                             0x2000056c   Data         512  main.o(.bss)
    Print_Task_TaskTCB                       0x2000076c   Data         196  main.o(.bss)
    PRINT_TASK_STK                           0x20000830   Data         512  main.o(.bss)
    Ctrl_TaskTCB                             0x20000a30   Data         196  main.o(.bss)
    CTRL_TASK_STK                            0x20000af4   Data         512  main.o(.bss)
    IPCAP_TaskTCB                            0x20000cf4   Data         196  main.o(.bss)
    IPCAP_TASK_STK                           0x20000db8   Data         512  main.o(.bss)
    Cabinet_Ctrl_TaskTCB                     0x20000fb8   Data         196  main.o(.bss)
    CABINET_CTRL_TASK_STK                    0x2000107c   Data         512  main.o(.bss)
    GPS_UPDATE_TaskTCB                       0x2000127c   Data         196  main.o(.bss)
    GPS_UPDATE_TASK_STK                      0x20001340   Data         512  main.o(.bss)
    carbinet_state                           0x20001540   Data          62  main.o(.bss)
    State                                    0x20001580   Data          44  common_fcn.o(.bss)
    Exp_State                                0x200015ac   Data          44  common_fcn.o(.bss)
    USART2_RX_DAT                            0x200015d8   Data          11  usart2.o(.bss)
    GPGGA_Dat                                0x200015e4   Data          46  usart3.o(.bss)
    GPGSA_Dat                                0x20001612   Data          32  usart3.o(.bss)
    GPRMC_Dat                                0x20001634   Data          60  usart3.o(.bss)
    GPVTG_Dat                                0x20001670   Data          32  usart3.o(.bss)
    Res                                      0x20001690   Data         200  usart3.o(.bss)
    Angle                                    0x20001758   Data          12  mpu9250.o(.bss)
    Angle_OFFSET                             0x20001764   Data          12  mpu9250.o(.bss)
    GYRO_Offset                              0x20001770   Data          12  mpu9250.o(.bss)
    ACC_Offset                               0x2000177c   Data          12  mpu9250.o(.bss)
    IMU_DAT                                  0x20001788   Data          36  mpu9250.o(.bss)
    Gyro_Offset                              0x200017ac   Data          12  ctrl.o(.bss)
    Acc_Offset                               0x200017b8   Data          12  ctrl.o(.bss)
    rec                                      0x200017c4   Data          30  usart.o(.bss)
    CPU_Name                                 0x200017e2   Data          16  cpu_core.o(.bss)
    Mem_PoolHeap                             0x200017f4   Data          72  lib_mem.o(.bss)
    Mem_Heap                                 0x2000183c   Data        1024  lib_mem.o(.bss)
    OSCfg_IdleTaskStk                        0x20001c3c   Data         512  os_cfg_app.o(.bss)
    OSCfg_IntQ                               0x20001e3c   Data         320  os_cfg_app.o(.bss)
    OSCfg_IntQTaskStk                        0x20001f7c   Data         512  os_cfg_app.o(.bss)
    OSCfg_ISRStk                             0x2000217c   Data         512  os_cfg_app.o(.bss)
    OSCfg_MsgPool                            0x2000237c   Data        1600  os_cfg_app.o(.bss)
    OSCfg_StatTaskStk                        0x200029bc   Data         512  os_cfg_app.o(.bss)
    OSCfg_TickTaskStk                        0x20002bbc   Data         512  os_cfg_app.o(.bss)
    OSCfg_TickWheel                          0x20002dbc   Data         136  os_cfg_app.o(.bss)
    OSCfg_TmrTaskStk                         0x20002e44   Data         512  os_cfg_app.o(.bss)
    OSCfg_TmrWheel                           0x20003044   Data         136  os_cfg_app.o(.bss)
    OSIdleTaskTCB                            0x200030cc   Data         196  os_var.o(.bss)
    OSIntQTaskTCB                            0x20003190   Data         196  os_var.o(.bss)
    OSMsgPool                                0x20003254   Data          12  os_var.o(.bss)
    OSRdyList                                0x20003260   Data         768  os_var.o(.bss)
    OSStatTaskTCB                            0x20003560   Data         196  os_var.o(.bss)
    OSTickTaskTCB                            0x20003624   Data         196  os_var.o(.bss)
    OSTmrTaskTCB                             0x200036e8   Data         196  os_var.o(.bss)
    __libspace_start                         0x200037ac   Data          96  libspace.o(.bss)
    __temporary_stack_top$libspace           0x2000380c   Data           0  libspace.o(.bss)



==============================================================================

Memory Map of the image

  Image Entry point : 0x08000189

  Load Region LR_IROM1 (Base: 0x08000000, Size: 0x00012b88, Max: 0x00080000, ABSOLUTE, COMPRESSED[0x000129c8])

    Execution Region ER_IROM1 (Base: 0x08000000, Size: 0x000129a4, Max: 0x00080000, ABSOLUTE)

    Base Addr    Size         Type   Attr      Idx    E Section Name        Object

    0x08000000   0x00000188   Data   RO          723    RESET               startup_stm32f40_41xxx.o
    0x08000188   0x00000008   Code   RO         1506  * !!!main             c_w.l(__main.o)
    0x08000190   0x00000034   Code   RO         1866    !!!scatter          c_w.l(__scatter.o)
    0x080001c4   0x0000005a   Code   RO         1864    !!dczerorl2         c_w.l(__dczerorl2.o)
    0x0800021e   0x00000002   PAD
    0x08000220   0x0000001c   Code   RO         1868    !!handler_zi        c_w.l(__scatter_zi.o)
    0x0800023c   0x00000000   Code   RO         1497    .ARM.Collect$$_printf_percent$$00000000  c_w.l(_printf_percent.o)
    0x0800023c   0x00000006   Code   RO         1496    .ARM.Collect$$_printf_percent$$00000009  c_w.l(_printf_d.o)
    0x08000242   0x00000004   Code   RO         1560    .ARM.Collect$$_printf_percent$$00000017  c_w.l(_printf_percent_end.o)
    0x08000246   0x00000002   Code   RO         1644    .ARM.Collect$$libinit$$00000000  c_w.l(libinit.o)
    0x08000248   0x00000004   Code   RO         1645    .ARM.Collect$$libinit$$00000001  c_w.l(libinit2.o)
    0x0800024c   0x00000000   Code   RO         1648    .ARM.Collect$$libinit$$00000004  c_w.l(libinit2.o)
    0x0800024c   0x00000000   Code   RO         1651    .ARM.Collect$$libinit$$0000000A  c_w.l(libinit2.o)
    0x0800024c   0x00000000   Code   RO         1653    .ARM.Collect$$libinit$$0000000C  c_w.l(libinit2.o)
    0x0800024c   0x00000000   Code   RO         1655    .ARM.Collect$$libinit$$0000000E  c_w.l(libinit2.o)
    0x0800024c   0x00000006   Code   RO         1656    .ARM.Collect$$libinit$$0000000F  c_w.l(libinit2.o)
    0x08000252   0x00000000   Code   RO         1658    .ARM.Collect$$libinit$$00000011  c_w.l(libinit2.o)
    0x08000252   0x0000000c   Code   RO         1659    .ARM.Collect$$libinit$$00000012  c_w.l(libinit2.o)
    0x0800025e   0x00000000   Code   RO         1660    .ARM.Collect$$libinit$$00000013  c_w.l(libinit2.o)
    0x0800025e   0x00000000   Code   RO         1662    .ARM.Collect$$libinit$$00000015  c_w.l(libinit2.o)
    0x0800025e   0x0000000a   Code   RO         1663    .ARM.Collect$$libinit$$00000016  c_w.l(libinit2.o)
    0x08000268   0x00000000   Code   RO         1664    .ARM.Collect$$libinit$$00000017  c_w.l(libinit2.o)
    0x08000268   0x00000000   Code   RO         1666    .ARM.Collect$$libinit$$00000019  c_w.l(libinit2.o)
    0x08000268   0x00000000   Code   RO         1668    .ARM.Collect$$libinit$$0000001B  c_w.l(libinit2.o)
    0x08000268   0x00000000   Code   RO         1670    .ARM.Collect$$libinit$$0000001D  c_w.l(libinit2.o)
    0x08000268   0x00000000   Code   RO         1672    .ARM.Collect$$libinit$$0000001F  c_w.l(libinit2.o)
    0x08000268   0x00000000   Code   RO         1674    .ARM.Collect$$libinit$$00000021  c_w.l(libinit2.o)
    0x08000268   0x00000000   Code   RO         1676    .ARM.Collect$$libinit$$00000023  c_w.l(libinit2.o)
    0x08000268   0x00000000   Code   RO         1678    .ARM.Collect$$libinit$$00000025  c_w.l(libinit2.o)
    0x08000268   0x00000000   Code   RO         1682    .ARM.Collect$$libinit$$0000002C  c_w.l(libinit2.o)
    0x08000268   0x00000000   Code   RO         1684    .ARM.Collect$$libinit$$0000002E  c_w.l(libinit2.o)
    0x08000268   0x00000000   Code   RO         1686    .ARM.Collect$$libinit$$00000030  c_w.l(libinit2.o)
    0x08000268   0x00000000   Code   RO         1688    .ARM.Collect$$libinit$$00000032  c_w.l(libinit2.o)
    0x08000268   0x00000002   Code   RO         1689    .ARM.Collect$$libinit$$00000033  c_w.l(libinit2.o)
    0x0800026a   0x00000002   Code   RO         1789    .ARM.Collect$$libshutdown$$00000000  c_w.l(libshutdown.o)
    0x0800026c   0x00000000   Code   RO         1824    .ARM.Collect$$libshutdown$$00000002  c_w.l(libshutdown2.o)
    0x0800026c   0x00000000   Code   RO         1826    .ARM.Collect$$libshutdown$$00000004  c_w.l(libshutdown2.o)
    0x0800026c   0x00000000   Code   RO         1829    .ARM.Collect$$libshutdown$$00000007  c_w.l(libshutdown2.o)
    0x0800026c   0x00000000   Code   RO         1832    .ARM.Collect$$libshutdown$$0000000A  c_w.l(libshutdown2.o)
    0x0800026c   0x00000000   Code   RO         1834    .ARM.Collect$$libshutdown$$0000000C  c_w.l(libshutdown2.o)
    0x0800026c   0x00000000   Code   RO         1837    .ARM.Collect$$libshutdown$$0000000F  c_w.l(libshutdown2.o)
    0x0800026c   0x00000002   Code   RO         1838    .ARM.Collect$$libshutdown$$00000010  c_w.l(libshutdown2.o)
    0x0800026e   0x00000000   Code   RO         1540    .ARM.Collect$$rtentry$$00000000  c_w.l(__rtentry.o)
    0x0800026e   0x00000000   Code   RO         1580    .ARM.Collect$$rtentry$$00000002  c_w.l(__rtentry2.o)
    0x0800026e   0x00000006   Code   RO         1592    .ARM.Collect$$rtentry$$00000004  c_w.l(__rtentry4.o)
    0x08000274   0x00000000   Code   RO         1582    .ARM.Collect$$rtentry$$00000009  c_w.l(__rtentry2.o)
    0x08000274   0x00000004   Code   RO         1583    .ARM.Collect$$rtentry$$0000000A  c_w.l(__rtentry2.o)
    0x08000278   0x00000000   Code   RO         1585    .ARM.Collect$$rtentry$$0000000C  c_w.l(__rtentry2.o)
    0x08000278   0x00000008   Code   RO         1586    .ARM.Collect$$rtentry$$0000000D  c_w.l(__rtentry2.o)
    0x08000280   0x00000002   Code   RO         1690    .ARM.Collect$$rtexit$$00000000  c_w.l(rtexit.o)
    0x08000282   0x00000000   Code   RO         1747    .ARM.Collect$$rtexit$$00000002  c_w.l(rtexit2.o)
    0x08000282   0x00000004   Code   RO         1748    .ARM.Collect$$rtexit$$00000003  c_w.l(rtexit2.o)
    0x08000286   0x00000006   Code   RO         1749    .ARM.Collect$$rtexit$$00000004  c_w.l(rtexit2.o)
    0x0800028c   0x000008e8   Code   RO            3    .text               main.o
    0x08000b74   0x00000016   Code   RO          266    .text               stm32f4xx_it.o
    0x08000b8a   0x00000002   PAD
    0x08000b8c   0x00000210   Code   RO          315    .text               system_stm32f4xx.o
    0x08000d9c   0x000001f0   Code   RO          341    .text               common_fcn.o
    0x08000f8c   0x00000068   Code   RO          368    .text               led.o
    0x08000ff4   0x00000158   Code   RO          388    .text               exti.o
    0x0800114c   0x0000058c   Code   RO          418    .text               timer.o
    0x080016d8   0x0000042c   Code   RO          442    .text               usart2.o
    0x08001b04   0x000008dc   Code   RO          473    .text               usart3.o
    0x080023e0   0x00000504   Code   RO          497    .text               mpu9250.o
    0x080028e4   0x00000374   Code   RO          528    .text               myiic.o
    0x08002c58   0x000001e4   Code   RO          588    .text               motor.o
    0x08002e3c   0x00000504   Code   RO          611    .text               icapture.o
    0x08003340   0x000007fc   Code   RO          634    .text               ctrl.o
    0x08003b3c   0x000006f4   Code   RO          680    .text               stepmotor.o
    0x08004230   0x00000294   Code   RO          700    .text               limit_switch.o
    0x080044c4   0x00000040   Code   RO          724    .text               startup_stm32f40_41xxx.o
    0x08004504   0x000000e0   Code   RO          730    .text               misc.o
    0x080045e4   0x00000294   Code   RO          750    .text               stm32f4xx_gpio.o
    0x08004878   0x0000065c   Code   RO          770    .text               stm32f4xx_rcc.o
    0x08004ed4   0x00000094   Code   RO          792    .text               stm32f4xx_syscfg.o
    0x08004f68   0x00000454   Code   RO          812    .text               stm32f4xx_usart.o
    0x080053bc   0x00000ca2   Code   RO          832    .text               stm32f4xx_tim.o
    0x0800605e   0x00000002   PAD
    0x08006060   0x00000110   Code   RO          932    .text               stm32f4xx_exti.o
    0x08006170   0x00000148   Code   RO          972    .text               delay.o
    0x080062b8   0x00000260   Code   RO         1012    .text               usart.o
    0x08006518   0x00000084   Code   RO         1041    .text               bsp.o
    0x0800659c   0x000002a8   Code   RO         1074    .text               cpu_core.o
    0x08006844   0x00000034   Code   RO         1100    .text               cpu_a.o
    0x08006878   0x00000256   Code   RO         1103    .text               lib_ascii.o
    0x08006ace   0x00000002   PAD
    0x08006ad0   0x000009c6   Code   RO         1136    .text               lib_mem.o
    0x08007496   0x00000002   PAD
    0x08007498   0x0000092c   Code   RO         1155    .text               lib_str.o
    0x08007dc4   0x00000220   Code   RO         1172    .text               lib_mem_a.o
    0x08007fe4   0x000000fc   Code   RO         1175    .text               os_cfg_app.o
    0x080080e0   0x00000df0   Code   RO         1198    .text               os_core.o
    0x08008ed0   0x000001b0   Code   RO         1210    .text               os_dbg.o
    0x08009080   0x00000e28   Code   RO         1225    .text               os_flag.o
    0x08009ea8   0x00000444   Code   RO         1237    .text               os_int.o
    0x0800a2ec   0x00000238   Code   RO         1249    .text               os_mem.o
    0x0800a524   0x0000022c   Code   RO         1261    .text               os_msg.o
    0x0800a750   0x00000ad4   Code   RO         1273    .text               os_mutex.o
    0x0800b224   0x0000007c   Code   RO         1297    .text               os_prio.o
    0x0800b2a0   0x000008d8   Code   RO         1316    .text               os_q.o
    0x0800bb78   0x00000830   Code   RO         1328    .text               os_sem.o
    0x0800c3a8   0x00000638   Code   RO         1340    .text               os_stat.o
    0x0800c9e0   0x00001bb8   Code   RO         1352    .text               os_task.o
    0x0800e598   0x000004fc   Code   RO         1364    .text               os_tick.o
    0x0800ea94   0x00000564   Code   RO         1376    .text               os_time.o
    0x0800eff8   0x00000818   Code   RO         1388    .text               os_tmr.o
    0x0800f810   0x000003f8   Code   RO         1416    .text               os_cpu_c.o
    0x0800fc08   0x00000002   Code   RO         1460    .text               c_w.l(use_no_semi_2.o)
    0x0800fc0a   0x000000ee   Code   RO         1462    .text               c_w.l(lludivv7m.o)
    0x0800fcf8   0x00000018   Code   RO         1468    .text               c_w.l(noretval__2printf.o)
    0x0800fd10   0x00000028   Code   RO         1470    .text               c_w.l(noretval__2sprintf.o)
    0x0800fd38   0x00000068   Code   RO         1472    .text               c_w.l(__printf.o)
    0x0800fda0   0x00000078   Code   RO         1474    .text               c_w.l(_printf_dec.o)
    0x0800fe18   0x0000001a   Code   RO         1498    .text               c_w.l(atoi.o)
    0x0800fe32   0x00000048   Code   RO         1500    .text               c_w.l(strcpy.o)
    0x0800fe7a   0x0000004e   Code   RO         1502    .text               c_w.l(rt_memclr_w.o)
    0x0800fec8   0x00000006   Code   RO         1504    .text               c_w.l(heapauxi.o)
    0x0800fece   0x00000002   Code   RO         1538    .text               c_w.l(use_no_semi.o)
    0x0800fed0   0x00000008   Code   RO         1548    .text               c_w.l(rt_errno_addr_intlibspace.o)
    0x0800fed8   0x00000016   Code   RO         1550    .text               c_w.l(_rserrno.o)
    0x0800feee   0x000000b2   Code   RO         1552    .text               c_w.l(_printf_intcommon.o)
    0x0800ffa0   0x00000030   Code   RO         1554    .text               c_w.l(_printf_char_common.o)
    0x0800ffd0   0x0000000a   Code   RO         1556    .text               c_w.l(_sputc.o)
    0x0800ffda   0x00000002   PAD
    0x0800ffdc   0x00000024   Code   RO         1558    .text               c_w.l(_printf_char_file.o)
    0x08010000   0x000000a4   Code   RO         1561    .text               c_w.l(strtod.o)
    0x080100a4   0x00000070   Code   RO         1563    .text               c_w.l(strtol.o)
    0x08010114   0x00000008   Code   RO         1576    .text               c_w.l(libspace.o)
    0x0801011c   0x00000010   Code   RO         1594    .text               c_w.l(rt_ctype_table.o)
    0x0801012c   0x00000012   Code   RO         1598    .text               c_w.l(isspace.o)
    0x0801013e   0x00000040   Code   RO         1602    .text               c_w.l(_sgetc.o)
    0x0801017e   0x0000009e   Code   RO         1604    .text               c_w.l(_strtoul.o)
    0x0801021c   0x00000008   Code   RO         1606    .text               c_w.l(ferror.o)
    0x08010224   0x0000004a   Code   RO         1617    .text               c_w.l(sys_stackheap_outer.o)
    0x0801026e   0x00000002   PAD
    0x08010270   0x00000008   Code   RO         1622    .text               c_w.l(rt_locale_intlibspace.o)
    0x08010278   0x0000001c   Code   RO         1624    .text               c_w.l(_chval.o)
    0x08010294   0x000004a4   Code   RO         1626    .text               c_w.l(scanf_fp.o)
    0x08010738   0x00000012   Code   RO         1631    .text               c_w.l(exit.o)
    0x0801074a   0x00000002   PAD
    0x0801074c   0x00000080   Code   RO         1637    .text               c_w.l(strcmpv7m.o)
    0x080107cc   0x000000dc   Code   RO         1694    .text               c_w.l(bigflt0.o)
    0x080108a8   0x00000320   Code   RO         1753    .text               c_w.l(scanf_hexfp.o)
    0x08010bc8   0x00000134   Code   RO         1755    .text               c_w.l(scanf_infnan.o)
    0x08010cfc   0x00000026   Code   RO         1779    .text               c_w.l(llshl.o)
    0x08010d22   0x00000338   Code   RO         1707    CL$$btod_div_common  c_w.l(btod.o)
    0x0801105a   0x00000002   PAD
    0x0801105c   0x00000054   Code   RO         1705    CL$$btod_e2d        c_w.l(btod.o)
    0x080110b0   0x000000c6   Code   RO         1704    CL$$btod_e2e        c_w.l(btod.o)
    0x08011176   0x00000028   Code   RO         1701    CL$$btod_ediv       c_w.l(btod.o)
    0x0801119e   0x00000028   Code   RO         1703    CL$$btod_edivd      c_w.l(btod.o)
    0x080111c6   0x00000028   Code   RO         1700    CL$$btod_emul       c_w.l(btod.o)
    0x080111ee   0x00000028   Code   RO         1702    CL$$btod_emuld      c_w.l(btod.o)
    0x08011216   0x00000244   Code   RO         1706    CL$$btod_mult_common  c_w.l(btod.o)
    0x0801145a   0x00000002   PAD
    0x0801145c   0x000000ac   Code   RO         1440    CODE                os_cpu_a.o
    0x08011508   0x00000038   Code   RO         1532    i.__hardfp_atof     m_wm.l(atof.o)
    0x08011540   0x000000d0   Code   RO         1790    i.__hardfp_ldexp    m_wm.l(ldexp.o)
    0x08011610   0x00000020   Code   RO         1845    i.__mathlib_dbl_overflow  m_wm.l(dunder.o)
    0x08011630   0x00000020   Code   RO         1847    i.__mathlib_dbl_underflow  m_wm.l(dunder.o)
    0x08011650   0x000000b8   Code   RO         1739    i.__mathlib_narrow  m_wm.l(narrow.o)
    0x08011708   0x00000014   Code   RO         1792    i.__support_ldexp   m_wm.l(ldexp.o)
    0x0801171c   0x0000000e   Code   RO         1486    i._is_digit         c_w.l(__printf_wp.o)
    0x0801172a   0x00000006   PAD
    0x08011730   0x0000008c   Code   RO         1769    i.frexp             m_wm.l(frexp.o)
    0x080117bc   0x0000002c   Code   RO         1611    locale$$code        c_w.l(lc_numeric_c.o)
    0x080117e8   0x0000002c   Code   RO         1629    locale$$code        c_w.l(lc_ctype_c.o)
    0x08011814   0x00000062   Code   RO         1508    x$fpl$d2f           fz_wm.l(d2f.o)
    0x08011876   0x00000002   PAD
    0x08011878   0x00000150   Code   RO         1510    x$fpl$dadd          fz_wm.l(daddsub_clz.o)
    0x080119c8   0x00000010   Code   RO         1856    x$fpl$dcheck1       fz_wm.l(dcheck1.o)
    0x080119d8   0x00000018   Code   RO         1613    x$fpl$dcmpinf       fz_wm.l(dcmpi.o)
    0x080119f0   0x000002b0   Code   RO         1517    x$fpl$ddiv          fz_wm.l(ddiv.o)
    0x08011ca0   0x00000078   Code   RO         1765    x$fpl$deqf          fz_wm.l(deqf.o)
    0x08011d18   0x0000002e   Code   RO         1521    x$fpl$dflt          fz_wm.l(dflt_clz.o)
    0x08011d46   0x00000026   Code   RO         1520    x$fpl$dfltu         fz_wm.l(dflt_clz.o)
    0x08011d6c   0x00000078   Code   RO         1565    x$fpl$dleqf         fz_wm.l(dleqf.o)
    0x08011de4   0x00000154   Code   RO         1526    x$fpl$dmul          fz_wm.l(dmul.o)
    0x08011f38   0x0000009c   Code   RO         1567    x$fpl$dnaninf       fz_wm.l(dnaninf.o)
    0x08011fd4   0x0000000c   Code   RO         1569    x$fpl$dretinf       fz_wm.l(dretinf.o)
    0x08011fe0   0x0000006c   Code   RO         1528    x$fpl$drleqf        fz_wm.l(drleqf.o)
    0x0801204c   0x000001d4   Code   RO         1512    x$fpl$dsub          fz_wm.l(daddsub_clz.o)
    0x08012220   0x00000056   Code   RO         1530    x$fpl$f2d           fz_wm.l(f2d.o)
    0x08012276   0x0000008c   Code   RO         1571    x$fpl$fnaninf       fz_wm.l(fnaninf.o)
    0x08012302   0x0000000a   Code   RO         1728    x$fpl$fpinit        fz_wm.l(fpinit.o)
    0x0801230c   0x0000000a   Code   RO         1573    x$fpl$fretinf       fz_wm.l(fretinf.o)
    0x08012316   0x00000064   Code   RO         1858    x$fpl$retnan        fz_wm.l(retnan.o)
    0x0801237a   0x0000005c   Code   RO         1839    x$fpl$scalbn        fz_wm.l(scalbn.o)
    0x080123d6   0x00000004   Code   RO         1615    x$fpl$scanf1        fz_wm.l(scanf1.o)
    0x080123da   0x00000008   Code   RO         1732    x$fpl$scanf2        fz_wm.l(scanf2.o)
    0x080123e2   0x00000030   Code   RO         1860    x$fpl$trapveneer    fz_wm.l(trapv.o)
    0x08012412   0x00000000   Code   RO         1575    x$fpl$usenofp       fz_wm.l(usenofp.o)
    0x08012412   0x00000002   PAD
    0x08012414   0x00000104   Data   RO         1076    .constdata          cpu_core.o
    0x08012518   0x00000094   Data   RO         1156    .constdata          lib_str.o
    0x080125ac   0x000000a4   Data   RO         1177    .constdata          os_cfg_app.o
    0x08012650   0x0000016c   Data   RO         1211    .constdata          os_dbg.o
    0x080127bc   0x00000094   Data   RO         1695    .constdata          c_w.l(bigflt0.o)
    0x08012850   0x00000020   Data   RO         1862    Region$$Table       anon$$obj.o
    0x08012870   0x00000008   Data   RO         1725    c$$dinf             fz_wm.l(fpconst.o)
    0x08012878   0x0000001c   Data   RO         1610    locale$$data        c_w.l(lc_numeric_c.o)
    0x08012894   0x00000110   Data   RO         1628    locale$$data        c_w.l(lc_ctype_c.o)


    Execution Region RW_IRAM1 (Base: 0x20000000, Size: 0x00003e10, Max: 0x00020000, ABSOLUTE, COMPRESSED[0x00000024])

    Base Addr    Size         Type   Attr      Idx    E Section Name        Object

    0x20000000   0x0000000e   Data   RW            5    .data               main.o
    0x2000000e   0x00000002   PAD
    0x20000010   0x00000014   Data   RW          316    .data               system_stm32f4xx.o
    0x20000024   0x00000008   Data   RW          389    .data               exti.o
    0x2000002c   0x00000020   Data   RW          444    .data               usart2.o
    0x2000004c   0x00000001   Data   RW          475    .data               usart3.o
    0x2000004d   0x00000001   PAD
    0x2000004e   0x00000030   Data   RW          499    .data               mpu9250.o
    0x2000007e   0x00000002   PAD
    0x20000080   0x00000020   Data   RW          589    .data               motor.o
    0x200000a0   0x0000001c   Data   RW          612    .data               icapture.o
    0x200000bc   0x0000002c   Data   RW          636    .data               ctrl.o
    0x200000e8   0x00000003   Data   RW          701    .data               limit_switch.o
    0x200000eb   0x00000010   Data   RW          771    .data               stm32f4xx_rcc.o
    0x200000fb   0x00000001   PAD
    0x200000fc   0x00000004   Data   RW          973    .data               delay.o
    0x20000100   0x00000005   Data   RW         1014    .data               usart.o
    0x20000105   0x00000003   PAD
    0x20000108   0x00000004   Data   RW         1077    .data               cpu_core.o
    0x2000010c   0x00000004   Data   RW         1138    .data               lib_mem.o
    0x20000110   0x00000008   Data   RW         1298    .data               os_prio.o
    0x20000118   0x000000c8   Data   RW         1401    .data               os_var.o
    0x200001e0   0x00000004   Data   RW         1417    .data               os_cpu_c.o
    0x200001e4   0x0000139a   Zero   RW            4    .bss                main.o
    0x2000157e   0x00000002   PAD
    0x20001580   0x00000058   Zero   RW          342    .bss                common_fcn.o
    0x200015d8   0x0000000b   Zero   RW          443    .bss                usart2.o
    0x200015e3   0x00000001   PAD
    0x200015e4   0x00000174   Zero   RW          474    .bss                usart3.o
    0x20001758   0x00000054   Zero   RW          498    .bss                mpu9250.o
    0x200017ac   0x00000018   Zero   RW          635    .bss                ctrl.o
    0x200017c4   0x0000001e   Zero   RW         1013    .bss                usart.o
    0x200017e2   0x00000010   Zero   RW         1075    .bss                cpu_core.o
    0x200017f2   0x00000002   PAD
    0x200017f4   0x00000448   Zero   RW         1137    .bss                lib_mem.o
    0x20001c3c   0x00001490   Zero   RW         1176    .bss                os_cfg_app.o
    0x200030cc   0x000006e0   Zero   RW         1400    .bss                os_var.o
    0x200037ac   0x00000060   Zero   RW         1577    .bss                c_w.l(libspace.o)
    0x2000380c   0x00000004   PAD
    0x20003810   0x00000200   Zero   RW          722    HEAP                startup_stm32f40_41xxx.o
    0x20003a10   0x00000400   Zero   RW          721    STACK               startup_stm32f40_41xxx.o


==============================================================================

Image component sizes


      Code (inc. data)   RO Data    RW Data    ZI Data      Debug   Object Name

       132         14          0          0          0       1263   bsp.o
       496         38          0          0         88       2986   common_fcn.o
        52          0          0          0          0        348   cpu_a.o
       680         14        260          4         16      14963   cpu_core.o
      2044        144          0         44         24       4692   ctrl.o
       328         24          0          4          0       1981   delay.o
       344         24          0          8          0       2163   exti.o
      1284         52          0         28          0       3060   icapture.o
       104         10          0          0          0        931   led.o
       598          0          0          0          0       4016   lib_ascii.o
      2502         32          0          4       1096      22552   lib_mem.o
       544          0          0          0          0        496   lib_mem_a.o
      2348          6        148          0          0      14038   lib_str.o
       660         20          0          3          0       2194   limit_switch.o
      2280        312          0         14       5018     335307   main.o
       224         20          0          0          0       2053   misc.o
       484         64          0         32          0       1684   motor.o
      1284         46          0         48         84       9800   mpu9250.o
       884         14          0          0          0       3970   myiic.o
       252        166        164          0       5264      21090   os_cfg_app.o
      3568        284          0          0          0      12721   os_core.o
       172         32          0          0          0        416   os_cpu_a.o
      1016         64          0          4          0       4265   os_cpu_c.o
       432        286        364          0          0       4905   os_dbg.o
      3624        110          0          0          0       8355   os_flag.o
      1092        146          0          0          0       2464   os_int.o
       568         20          0          0          0       2984   os_mem.o
       556         12          0          0          0       2971   os_msg.o
      2772        114          0          0          0       5890   os_mutex.o
       124          4          0          8          0       2048   os_prio.o
      2264         76          0          0          0       6652   os_q.o
      2096         70          0          0          0       6672   os_sem.o
      1592        180          0          0          0       2945   os_stat.o
      7096        270          0          0          0      14502   os_task.o
      1276         90          0          0          0       3561   os_tick.o
      1380         46          0          0          0       3417   os_time.o
      2072        140          0          0          0       6798   os_tmr.o
         0          0          0        200       1760      19429   os_var.o
        64         26        392          0       1536        856   startup_stm32f40_41xxx.o
      1780        104          0          0          0       3430   stepmotor.o
       272         10          0          0          0       2523   stm32f4xx_exti.o
       660         44          0          0          0       4389   stm32f4xx_gpio.o
        22          0          0          0          0       1083   stm32f4xx_it.o
      1628         52          0         16          0      13340   stm32f4xx_rcc.o
       148         12          0          0          0       1949   stm32f4xx_syscfg.o
      3234         60          0          0          0      23244   stm32f4xx_tim.o
      1108         34          0          0          0       8116   stm32f4xx_usart.o
       528         46          0         20          0       1927   system_stm32f4xx.o
      1420         54          0          0          0       3310   timer.o
       608         30          0          5         30       5502   usart.o
      1068        102          0         32         11       3439   usart2.o
      2268        132          0          1        372       5222   usart3.o

    ----------------------------------------------------------------------
     64040       3650       1360        484      15304     638912   Object Totals
         0          0         32          0          0          0   (incl. Generated)
         8          0          0          9          5          0   (incl. Padding)

    ----------------------------------------------------------------------

      Code (inc. data)   RO Data    RW Data    ZI Data      Debug   Library Member Name

        90          0          0          0          0          0   __dczerorl2.o
         8          0          0          0          0         68   __main.o
       104          0          0          0          0         84   __printf.o
        14          0          0          0          0         68   __printf_wp.o
         0          0          0          0          0          0   __rtentry.o
        12          0          0          0          0          0   __rtentry2.o
         6          0          0          0          0          0   __rtentry4.o
        52          8          0          0          0          0   __scatter.o
        28          0          0          0          0          0   __scatter_zi.o
        28          0          0          0          0         68   _chval.o
        48          6          0          0          0         96   _printf_char_common.o
        36          4          0          0          0         80   _printf_char_file.o
         6          0          0          0          0          0   _printf_d.o
       120         16          0          0          0         92   _printf_dec.o
       178          0          0          0          0         88   _printf_intcommon.o
         0          0          0          0          0          0   _printf_percent.o
         4          0          0          0          0          0   _printf_percent_end.o
        22          0          0          0          0        100   _rserrno.o
        64          0          0          0          0         84   _sgetc.o
        10          0          0          0          0         68   _sputc.o
       158          0          0          0          0         92   _strtoul.o
        26          0          0          0          0         80   atoi.o
       220          4        148          0          0         96   bigflt0.o
      1846        132          0          0          0        736   btod.o
        18          0          0          0          0         80   exit.o
         8          0          0          0          0         68   ferror.o
         6          0          0          0          0        152   heapauxi.o
        18          0          0          0          0         76   isspace.o
        44         10        272          0          0         76   lc_ctype_c.o
        44         10         28          0          0         76   lc_numeric_c.o
         2          0          0          0          0          0   libinit.o
        34          0          0          0          0          0   libinit2.o
         2          0          0          0          0          0   libshutdown.o
         2          0          0          0          0          0   libshutdown2.o
         8          4          0          0         96         68   libspace.o
        38          0          0          0          0         68   llshl.o
       238          0          0          0          0        100   lludivv7m.o
        24          4          0          0          0         84   noretval__2printf.o
        40          6          0          0          0         84   noretval__2sprintf.o
        16          4          0          0          0         76   rt_ctype_table.o
         8          4          0          0          0         68   rt_errno_addr_intlibspace.o
         8          4          0          0          0         68   rt_locale_intlibspace.o
        78          0          0          0          0         80   rt_memclr_w.o
         2          0          0          0          0          0   rtexit.o
        10          0          0          0          0          0   rtexit2.o
      1188         12          0          0          0        148   scanf_fp.o
       800         14          0          0          0        100   scanf_hexfp.o
       308         16          0          0          0        100   scanf_infnan.o
       128          0          0          0          0         68   strcmpv7m.o
        72          0          0          0          0         80   strcpy.o
       164         14          0          0          0        120   strtod.o
       112          0          0          0          0         88   strtol.o
        74          0          0          0          0         80   sys_stackheap_outer.o
         2          0          0          0          0         68   use_no_semi.o
         2          0          0          0          0         68   use_no_semi_2.o
        98          4          0          0          0        140   d2f.o
       804         16          0          0          0        368   daddsub_clz.o
        16          4          0          0          0        116   dcheck1.o
        24          0          0          0          0        116   dcmpi.o
       688        140          0          0          0        256   ddiv.o
       120          4          0          0          0        140   deqf.o
        84          0          0          0          0        232   dflt_clz.o
       120          4          0          0          0        140   dleqf.o
       340         12          0          0          0        152   dmul.o
       156          4          0          0          0        140   dnaninf.o
        12          0          0          0          0        116   dretinf.o
       108          0          0          0          0        128   drleqf.o
        86          4          0          0          0        132   f2d.o
       140          4          0          0          0        132   fnaninf.o
         0          0          8          0          0          0   fpconst.o
        10          0          0          0          0        116   fpinit.o
        10          0          0          0          0        116   fretinf.o
       100          0          0          0          0        116   retnan.o
        92          0          0          0          0        116   scalbn.o
         4          0          0          0          0        116   scanf1.o
         8          0          0          0          0        132   scanf2.o
        48          0          0          0          0        116   trapv.o
         0          0          0          0          0          0   usenofp.o
        56         12          0          0          0        132   atof.o
        64         16          0          0          0        248   dunder.o
       140         22          0          0          0        132   frexp.o
       228          8          0          0          0        308   ldexp.o
       184         18          0          0          0        152   narrow.o

    ----------------------------------------------------------------------
     10340        546        456          0        100       8152   Library Totals
        22          2          0          0          4          0   (incl. Padding)

    ----------------------------------------------------------------------

      Code (inc. data)   RO Data    RW Data    ZI Data      Debug   Library Name

      6578        272        448          0         96       4044   c_w.l
      3068        196          8          0          0       3136   fz_wm.l
       672         76          0          0          0        972   m_wm.l

    ----------------------------------------------------------------------
     10340        546        456          0        100       8152   Library Totals

    ----------------------------------------------------------------------

==============================================================================


      Code (inc. data)   RO Data    RW Data    ZI Data      Debug   

     74380       4196       1816        484      15404     630228   Grand Totals
     74380       4196       1816         36      15404     630228   ELF Image Totals (compressed)
     74380       4196       1816         36          0          0   ROM Totals

==============================================================================

    Total RO  Size (Code + RO Data)                76196 (  74.41kB)
    Total RW  Size (RW Data + ZI Data)             15888 (  15.52kB)
    Total ROM Size (Code + RO Data + RW Data)      76232 (  74.45kB)

==============================================================================

