Component: ARM Compiler 5.06 update 4 (build 422) Tool: armlink [4d35d2]

==============================================================================

Section Cross References

    main.o(.text) refers to _printf_percent.o(.ARM.Collect$$_printf_percent$$00000000) for _printf_percent
    main.o(.text) refers to _printf_d.o(.ARM.Collect$$_printf_percent$$00000009) for _printf_d
    main.o(.text) refers to _printf_dec.o(.text) for _printf_int_dec
    main.o(.text) refers to usart.o(.text) for UART1_Put_String_with_space
    main.o(.text) refers to cpu_a.o(.text) for CPU_SR_Save
    main.o(.text) refers to os_core.o(.text) for OS_Sched0
    main.o(.text) refers to os_time.o(.text) for OSTimeDlyHMSM
    main.o(.text) refers to stepmotor.o(.text) for process_input
    main.o(.text) refers to icapture.o(.text) for input_capture
    main.o(.text) refers to ctrl.o(.text) for Controller
    main.o(.text) refers to noretval__2printf.o(.text) for __2printf
    main.o(.text) refers to led.o(.text) for led_turn
    main.o(.text) refers to cpu_core.o(.text) for CPU_Init
    main.o(.text) refers to os_stat.o(.text) for OSStatTaskCPUUsageInit
    main.o(.text) refers to os_task.o(.text) for OSTaskCreate
    main.o(.text) refers to usart3.o(.bss) for GPGGA_Dat
    main.o(.text) refers to os_var.o(.data) for OSSchedLockNestingCtr
    main.o(.text) refers to main.o(.bss) for carbinet_state
    main.o(.text) refers to main.o(.data) for signal
    main.o(.text) refers to motor.o(.data) for step_counter_R
    main.o(.text) refers to misc.o(.text) for NVIC_PriorityGroupConfig
    main.o(.text) refers to delay.o(.text) for delay_init
    main.o(.text) refers to adc.o(.text) for Adc_Init
    main.o(.text) refers to relay.o(.text) for relay_init
    main.o(.text) refers to mpu9250.o(.text) for Init_MPU9250
    main.o(.text) refers to motor.o(.text) for Motor_Init
    main.o(.text) refers to exti.o(.text) for EXTIX_Init
    main.o(.text) refers to timer.o(.text) for Calculate_freq
    main.o(.text) refers to stm32f4xx_tim.o(.text) for TIM_Cmd
    main.o(.text) refers to common_fcn.o(.text) for my_abs
    main.o(.text) refers to noretval__2sprintf.o(.text) for __2sprintf
    main.o(.text) refers to ctrl.o(.data) for vol_wL
    main.o(.text) refers to mpu9250.o(.bss) for IMU_DAT
    system_stm32f4xx.o(.text) refers to system_stm32f4xx.o(.data) for SystemCoreClock
    common_fcn.o(.text) refers to dflt_clz.o(x$fpl$dflt) for __aeabi_i2d
    common_fcn.o(.text) refers to dmul.o(x$fpl$dmul) for __aeabi_dmul
    common_fcn.o(.text) refers to daddsub_clz.o(x$fpl$dadd) for __aeabi_dadd
    common_fcn.o(.text) refers to ddiv.o(x$fpl$ddiv) for __aeabi_ddiv
    led.o(.text) refers to stm32f4xx_rcc.o(.text) for RCC_AHB1PeriphClockCmd
    led.o(.text) refers to stm32f4xx_gpio.o(.text) for GPIO_Init
    exti.o(.text) refers to stm32f4xx_rcc.o(.text) for RCC_AHB1PeriphClockCmd
    exti.o(.text) refers to stm32f4xx_gpio.o(.text) for GPIO_Init
    exti.o(.text) refers to stm32f4xx_syscfg.o(.text) for SYSCFG_EXTILineConfig
    exti.o(.text) refers to stm32f4xx_exti.o(.text) for EXTI_Init
    exti.o(.text) refers to misc.o(.text) for NVIC_Init
    exti.o(.text) refers to os_core.o(.text) for OSIntEnter
    exti.o(.text) refers to exti.o(.data) for steps_R
    exti.o(.text) refers to main.o(.bss) for carbinet_state
    timer.o(.text) refers to stm32f4xx_rcc.o(.text) for RCC_APB1PeriphClockCmd
    timer.o(.text) refers to stm32f4xx_tim.o(.text) for TIM_TimeBaseInit
    timer.o(.text) refers to misc.o(.text) for NVIC_Init
    timer.o(.text) refers to os_core.o(.text) for OSIntEnter
    timer.o(.text) refers to stepmotor.o(.text) for Step1_Pulse
    timer.o(.text) refers to main.o(.bss) for carbinet_state
    timer.o(.text) refers to main.o(.data) for carbinet_exp_state
    usart2.o(.text) refers to stm32f4xx_rcc.o(.text) for RCC_AHB1PeriphClockCmd
    usart2.o(.text) refers to stm32f4xx_gpio.o(.text) for GPIO_PinAFConfig
    usart2.o(.text) refers to stm32f4xx_usart.o(.text) for USART_Init
    usart2.o(.text) refers to misc.o(.text) for NVIC_Init
    usart2.o(.text) refers to dflt_clz.o(x$fpl$dflt) for __aeabi_i2d
    usart2.o(.text) refers to ddiv.o(x$fpl$ddiv) for __aeabi_ddiv
    usart2.o(.text) refers to dmul.o(x$fpl$dmul) for __aeabi_dmul
    usart2.o(.text) refers to d2f.o(x$fpl$d2f) for __aeabi_d2f
    usart2.o(.text) refers to daddsub_clz.o(x$fpl$dadd) for __aeabi_dadd
    usart2.o(.text) refers to usart2.o(.bss) for USART2_RX_DAT
    usart2.o(.text) refers to usart2.o(.data) for USART2_RX_COUNT
    usart3.o(.text) refers to stm32f4xx_rcc.o(.text) for RCC_AHB1PeriphClockCmd
    usart3.o(.text) refers to stm32f4xx_gpio.o(.text) for GPIO_PinAFConfig
    usart3.o(.text) refers to stm32f4xx_usart.o(.text) for USART_Init
    usart3.o(.text) refers to misc.o(.text) for NVIC_Init
    usart3.o(.text) refers to rt_memclr_w.o(.text) for __aeabi_memclr4
    usart3.o(.text) refers to atoi.o(.text) for atoi
[...]
    ASCII_IsUpper                            0x08007035   Thumb Code    20  lib_ascii.o(.text)
    ASCII_IsDig                              0x08007049   Thumb Code    20  lib_ascii.o(.text)
    ASCII_IsDigOct                           0x0800705d   Thumb Code    20  lib_ascii.o(.text)
    ASCII_IsDigHex                           0x08007071   Thumb Code    36  lib_ascii.o(.text)
    ASCII_IsBlank                            0x08007095   Thumb Code    20  lib_ascii.o(.text)
    ASCII_IsSpace                            0x080070a9   Thumb Code    36  lib_ascii.o(.text)
    ASCII_IsPrint                            0x080070cd   Thumb Code    20  lib_ascii.o(.text)
    ASCII_IsGraph                            0x080070e1   Thumb Code    20  lib_ascii.o(.text)
    ASCII_IsPunct                            0x080070f5   Thumb Code   134  lib_ascii.o(.text)
    ASCII_IsCtrl                             0x0800717b   Thumb Code    26  lib_ascii.o(.text)
    ASCII_ToLower                            0x08007195   Thumb Code    32  lib_ascii.o(.text)
    ASCII_ToUpper                            0x080071b5   Thumb Code    32  lib_ascii.o(.text)
    ASCII_Cmp                                0x080071d5   Thumb Code    38  lib_ascii.o(.text)
    Mem_Init                                 0x080071fd   Thumb Code    54  lib_mem.o(.text)
    Mem_Set                                  0x08007233   Thumb Code    84  lib_mem.o(.text)
    Mem_Clr                                  0x08007287   Thumb Code    18  lib_mem.o(.text)
    Mem_Move                                 0x08007299   Thumb Code   186  lib_mem.o(.text)
    Mem_Cmp                                  0x08007353   Thumb Code   192  lib_mem.o(.text)
    Mem_HeapAlloc                            0x0800748b   Thumb Code   168  lib_mem.o(.text)
    Mem_SegGetSizeRem                        0x08007533   Thumb Code   108  lib_mem.o(.text)
    Mem_HeapGetSizeRem                       0x0800759f   Thumb Code    22  lib_mem.o(.text)
    Mem_PoolClr                              0x080075b5   Thumb Code    80  lib_mem.o(.text)
    Mem_PoolCreate                           0x08007605   Thumb Code   838  lib_mem.o(.text)
    Mem_PoolBlkGetNbrAvail                   0x0800794b   Thumb Code    52  lib_mem.o(.text)
    Mem_PoolBlkGet                           0x0800797f   Thumb Code   126  lib_mem.o(.text)
    Mem_PoolBlkGetUsedAtIx                   0x080079fd   Thumb Code   140  lib_mem.o(.text)
    Mem_PoolBlkFree                          0x08007a89   Thumb Code   152  lib_mem.o(.text)
    Mem_PoolBlkIxGet                         0x08007b21   Thumb Code   162  lib_mem.o(.text)
    Str_Len_N                                0x08007bc5   Thumb Code    28  lib_str.o(.text)
    Str_Len                                  0x08007be1   Thumb Code    20  lib_str.o(.text)
    Str_Copy_N                               0x08007bf5   Thumb Code    70  lib_str.o(.text)
    Str_Copy                                 0x08007c3b   Thumb Code    24  lib_str.o(.text)
    Str_Cat_N                                0x08007c53   Thumb Code    90  lib_str.o(.text)
    Str_Cat                                  0x08007cad   Thumb Code    24  lib_str.o(.text)
    Str_Cmp_N                                0x08007cc5   Thumb Code   156  lib_str.o(.text)
    Str_Cmp                                  0x08007d61   Thumb Code    24  lib_str.o(.text)
    Str_CmpIgnoreCase_N                      0x08007d79   Thumb Code   264  lib_str.o(.text)
    Str_CmpIgnoreCase                        0x08007e81   Thumb Code    24  lib_str.o(.text)
    Str_Char_N                               0x08007e99   Thumb Code    74  lib_str.o(.text)
    Str_Char                                 0x08007ee3   Thumb Code    24  lib_str.o(.text)
    Str_Char_Last_N                          0x08007efb   Thumb Code    76  lib_str.o(.text)
    Str_Char_Last                            0x08007f47   Thumb Code    24  lib_str.o(.text)
    Str_Char_Replace_N                       0x08007f5f   Thumb Code    52  lib_str.o(.text)
    Str_Char_Replace                         0x08007f93   Thumb Code    28  lib_str.o(.text)
    Str_Str_N                                0x08007faf   Thumb Code   182  lib_str.o(.text)
    Str_Str                                  0x08008065   Thumb Code    24  lib_str.o(.text)
    Str_FmtNbr_Int32U                        0x08008259   Thumb Code    46  lib_str.o(.text)
    Str_FmtNbr_Int32S                        0x08008287   Thumb Code    62  lib_str.o(.text)
    Str_ParseNbr_Int32U                      0x08008483   Thumb Code    30  lib_str.o(.text)
    Str_ParseNbr_Int32S                      0x080084a1   Thumb Code    74  lib_str.o(.text)
    Mem_Copy                                 0x080084f1   Thumb Code     0  lib_mem_a.o(.text)
    OSCfg_Init                               0x08008711   Thumb Code    86  os_cfg_app.o(.text)
    OS_IdleTask                              0x0800880d   Thumb Code    60  os_core.o(.text)
    OS_IdleTaskInit                          0x08008849   Thumb Code    68  os_core.o(.text)
    OS_RdyListInit                           0x0800888d   Thumb Code    32  os_core.o(.text)
    OSInit                                   0x080088ad   Thumb Code   300  os_core.o(.text)
    OSIntEnter                               0x080089d9   Thumb Code    34  os_core.o(.text)
    OSIntExit                                0x080089fb   Thumb Code   188  os_core.o(.text)
    OSSched                                  0x08008ab7   Thumb Code   130  os_core.o(.text)
    OS_SchedLockTimeMeasStart                0x08008b39   Thumb Code    20  os_core.o(.text)
    OSSchedLock                              0x08008b4d   Thumb Code   104  os_core.o(.text)
    OS_SchedLockTimeMeasStop                 0x08008bb5   Thumb Code    44  os_core.o(.text)
    OSSchedUnlock                            0x08008be1   Thumb Code   286  os_core.o(.text)
    OSSchedRoundRobinCfg                     0x08008cff   Thumb Code    88  os_core.o(.text)
    OS_RdyListMoveHeadToTail                 0x08008d57   Thumb Code    68  os_core.o(.text)
    OSSchedRoundRobinYield                   0x08008d9b   Thumb Code   164  os_core.o(.text)
    OSStart                                  0x08008e3f   Thumb Code    78  os_core.o(.text)
    OSVersion                                0x08008e8d   Thumb Code    12  os_core.o(.text)
    OS_PendDbgNameAdd                        0x08008e99   Thumb Code    66  os_core.o(.text)
    OS_PendListInsertPrio                    0x08008edb   Thumb Code   102  os_core.o(.text)
    OS_PendDataInit                          0x08008f41   Thumb Code    38  os_core.o(.text)
    OS_RdyListRemove                         0x08008f67   Thumb Code    86  os_core.o(.text)
    OS_TaskBlock                             0x08008fbd   Thumb Code    56  os_core.o(.text)
    OS_Pend                                  0x08008ff5   Thumb Code    98  os_core.o(.text)
    OS_PendListRemove1                       0x08009057   Thumb Code   136  os_core.o(.text)
    OS_PendListRemove                        0x080090df   Thumb Code    48  os_core.o(.text)
    OS_PendAbort1                            0x0800910f   Thumb Code    36  os_core.o(.text)
    OS_RdyListInsertHead                     0x08009133   Thumb Code    58  os_core.o(.text)
    OS_RdyListInsertTail                     0x0800916d   Thumb Code    56  os_core.o(.text)
    OS_RdyListInsert                         0x080091a5   Thumb Code    40  os_core.o(.text)
    OS_TaskRdy                               0x080091cd   Thumb Code    28  os_core.o(.text)
    OS_PendAbort                             0x080091e9   Thumb Code   166  os_core.o(.text)
    OS_PendDbgNameRemove                     0x0800928f   Thumb Code    34  os_core.o(.text)
    OS_PendListChangePrio                    0x080092b1   Thumb Code    70  os_core.o(.text)
    OS_PendListInit                          0x080092f7   Thumb Code    10  os_core.o(.text)
    OS_PendListInsertHead                    0x08009301   Thumb Code    32  os_core.o(.text)
    OS_PendObjDel1                           0x08009321   Thumb Code    36  os_core.o(.text)
    OS_PendObjDel                            0x08009345   Thumb Code   162  os_core.o(.text)
    OS_Post1                                 0x080093e7   Thumb Code    42  os_core.o(.text)
    OS_Post                                  0x08009411   Thumb Code   192  os_core.o(.text)
    OS_Sched0                                0x080094d1   Thumb Code    68  os_core.o(.text)
    OS_SchedRoundRobin                       0x08009515   Thumb Code   218  os_core.o(.text)
    OS_Dbg_Init                              0x080095fd   Thumb Code   146  os_dbg.o(.text)
    OS_FlagDbgListAdd                        0x080097ad   Thumb Code    38  os_flag.o(.text)
    OSFlagCreate                             0x080097d3   Thumb Code   172  os_flag.o(.text)
    OS_FlagClr                               0x0800987f   Thumb Code    28  os_flag.o(.text)
    OS_FlagDbgListRemove                     0x0800989b   Thumb Code    44  os_flag.o(.text)
    OSFlagDel                                0x080098c7   Thumb Code   594  os_flag.o(.text)
    OS_FlagBlock                             0x08009b19   Thumb Code    58  os_flag.o(.text)
    OSFlagPend                               0x08009b53   Thumb Code  1488  os_flag.o(.text)
    OSFlagPendAbort                          0x0800a123   Thumb Code   292  os_flag.o(.text)
    OSFlagPendGetFlagsRdy                    0x0800a247   Thumb Code    68  os_flag.o(.text)
    OS_FlagTaskRdy                           0x0800a28b   Thumb Code    86  os_flag.o(.text)
    OS_FlagPost                              0x0800a2e1   Thumb Code   570  os_flag.o(.text)
    OSFlagPost                               0x0800a51b   Thumb Code   146  os_flag.o(.text)
    OS_FlagInit                              0x0800a5ad   Thumb Code    14  os_flag.o(.text)
    OS_IntQPost                              0x0800a5d5   Thumb Code   216  os_int.o(.text)
    OS_IntQRePost                            0x0800a6ad   Thumb Code   360  os_int.o(.text)
    OS_IntQTask                              0x0800a815   Thumb Code   162  os_int.o(.text)
    OS_IntQTaskInit                          0x0800a8b7   Thumb Code   208  os_int.o(.text)
    OS_MemDbgListAdd                         0x0800aa19   Thumb Code    34  os_mem.o(.text)
    OSMemCreate                              0x0800aa3b   Thumb Code   288  os_mem.o(.text)
    OSMemGet                                 0x0800ab5b   Thumb Code   100  os_mem.o(.text)
    OSMemPut                                 0x0800abbf   Thumb Code   112  os_mem.o(.text)
    OS_MemInit                               0x0800ac2f   Thumb Code    14  os_mem.o(.text)
    OS_MsgPoolCreate                         0x0800ac51   Thumb Code    54  os_msg.o(.text)
    OS_MsgPoolInit                           0x0800ac87   Thumb Code    70  os_msg.o(.text)
    OS_MsgQFreeAll                           0x0800accd   Thumb Code    62  os_msg.o(.text)
    OS_MsgQInit                              0x0800ad0b   Thumb Code    14  os_msg.o(.text)
    OS_MsgQGet                               0x0800ad19   Thumb Code    98  os_msg.o(.text)
    OS_MsgQPut                               0x0800ad7b   Thumb Code   246  os_msg.o(.text)
    OS_MutexDbgListAdd                       0x0800ae7d   Thumb Code    38  os_mutex.o(.text)
    OSMutexCreate                            0x0800aea3   Thumb Code   178  os_mutex.o(.text)
    OS_MutexClr                              0x0800af55   Thumb Code    38  os_mutex.o(.text)
    OS_MutexDbgListRemove                    0x0800af7b   Thumb Code    44  os_mutex.o(.text)
    OSMutexDel                               0x0800afa7   Thumb Code   842  os_mutex.o(.text)
    OSMutexPend                              0x0800b2f1   Thumb Code   706  os_mutex.o(.text)
    OSMutexPendAbort                         0x0800b5b3   Thumb Code   314  os_mutex.o(.text)
    OSMutexPost                              0x0800b6ed   Thumb Code   564  os_mutex.o(.text)
    OS_MutexInit                             0x0800b921   Thumb Code    14  os_mutex.o(.text)
    OS_PrioInit                              0x0800b951   Thumb Code    20  os_prio.o(.text)
    OS_PrioGetHighest                        0x0800b965   Thumb Code    36  os_prio.o(.text)
    OS_PrioInsert                            0x0800b989   Thumb Code    32  os_prio.o(.text)
    OS_PrioRemove                            0x0800b9a9   Thumb Code    32  os_prio.o(.text)
    OS_QDbgListAdd                           0x0800b9cd   Thumb Code    38  os_q.o(.text)
    OSQCreate                                0x0800b9f3   Thumb Code   186  os_q.o(.text)
    OS_QClr                                  0x0800baad   Thumb Code    40  os_q.o(.text)
    OS_QDbgListRemove                        0x0800bad5   Thumb Code    44  os_q.o(.text)
    OSQDel                                   0x0800bb01   Thumb Code   362  os_q.o(.text)
    OSQFlush                                 0x0800bc6b   Thumb Code   210  os_q.o(.text)
    OSQPend                                  0x0800bd3d   Thumb Code   538  os_q.o(.text)
    OSQPendAbort                             0x0800bf57   Thumb Code   292  os_q.o(.text)
    OS_QPost                                 0x0800c07b   Thumb Code   324  os_q.o(.text)
    OSQPost                                  0x0800c1bf   Thumb Code   198  os_q.o(.text)
    OS_QInit                                 0x0800c285   Thumb Code    14  os_q.o(.text)
    OS_SemDbgListAdd                         0x0800c2a5   Thumb Code    38  os_sem.o(.text)
    OSSemCreate                              0x0800c2cb   Thumb Code   172  os_sem.o(.text)
    OS_SemClr                                0x0800c377   Thumb Code    28  os_sem.o(.text)
    OS_SemDbgListRemove                      0x0800c393   Thumb Code    44  os_sem.o(.text)
    OSSemDel                                 0x0800c3bf   Thumb Code   362  os_sem.o(.text)
    OSSemPend                                0x0800c529   Thumb Code   504  os_sem.o(.text)
    OSSemPendAbort                           0x0800c721   Thumb Code   292  os_sem.o(.text)
    OS_SemPost                               0x0800c845   Thumb Code   350  os_sem.o(.text)
    OSSemPost                                0x0800c9a3   Thumb Code   144  os_sem.o(.text)
    OSSemSet                                 0x0800ca33   Thumb Code   138  os_sem.o(.text)
    OS_SemInit                               0x0800cabd   Thumb Code    14  os_sem.o(.text)
    OSStatReset                              0x0800cad5   Thumb Code   270  os_stat.o(.text)
    OSStatTaskCPUUsageInit                   0x0800cbe3   Thumb Code   212  os_stat.o(.text)
    OS_StatTask                              0x0800ccb7   Thumb Code   888  os_stat.o(.text)
    OS_StatTaskInit                          0x0800d02f   Thumb Code   138  os_stat.o(.text)
    OSTaskChangePrio                         0x0800d10d   Thumb Code   416  os_task.o(.text)
    OS_TaskDbgListAdd                        0x0800d2ad   Thumb Code    42  os_task.o(.text)
    OS_TaskInitTCB                           0x0800d2d7   Thumb Code   190  os_task.o(.text)
    OSTaskCreate                             0x0800d395   Thumb Code   616  os_task.o(.text)
    OS_TaskDbgListRemove                     0x0800d5fd   Thumb Code    64  os_task.o(.text)
    OSTaskDel                                0x0800d63d   Thumb Code   424  os_task.o(.text)
    OSTaskQFlush                             0x0800d7e5   Thumb Code   214  os_task.o(.text)
    OSTaskQPend                              0x0800d8bb   Thumb Code   554  os_task.o(.text)
    OSTaskQPendAbort                         0x0800dae5   Thumb Code   242  os_task.o(.text)
    OS_TaskQPost                             0x0800dbd7   Thumb Code   526  os_task.o(.text)
    OSTaskQPost                              0x0800dde5   Thumb Code   114  os_task.o(.text)
    OSTaskRegGet                             0x0800de57   Thumb Code    78  os_task.o(.text)
    OSTaskRegGetID                           0x0800dea5   Thumb Code    84  os_task.o(.text)
    OSTaskRegSet                             0x0800def9   Thumb Code    78  os_task.o(.text)
    OS_TaskResume                            0x0800df47   Thumb Code   314  os_task.o(.text)
    OSTaskResume                             0x0800e081   Thumb Code   112  os_task.o(.text)
    OSTaskSemPend                            0x0800e0f1   Thumb Code   550  os_task.o(.text)
    OSTaskSemPendAbort                       0x0800e317   Thumb Code   270  os_task.o(.text)
    OS_TaskSemPost                           0x0800e425   Thumb Code  1224  os_task.o(.text)
    OSTaskSemPost                            0x0800e8ed   Thumb Code    98  os_task.o(.text)
    OSTaskSemSet                             0x0800e94f   Thumb Code    80  os_task.o(.text)
    OSTaskStkChk                             0x0800e99f   Thumb Code   224  os_task.o(.text)
    OS_TaskSuspend                           0x0800ea7f   Thumb Code   328  os_task.o(.text)
    OSTaskSuspend                            0x0800ebc7   Thumb Code    78  os_task.o(.text)
    OSTaskTimeQuantaSet                      0x0800ec15   Thumb Code    96  os_task.o(.text)
    OS_TaskInit                              0x0800ec75   Thumb Code    18  os_task.o(.text)
    OS_TaskReturn                            0x0800ec87   Thumb Code    20  os_task.o(.text)
    OS_TickListRemove                        0x0800ecc5   Thumb Code    56  os_tick.o(.text)
    OS_TickListUpdate                        0x0800ecfd   Thumb Code   480  os_tick.o(.text)
    OS_TickTask                              0x0800eedd   Thumb Code    38  os_tick.o(.text)
    OS_TickListInit                          0x0800ef03   Thumb Code    32  os_tick.o(.text)
    OS_TickTaskInit                          0x0800ef23   Thumb Code   130  os_tick.o(.text)
    OS_TickListInsert                        0x0800efa5   Thumb Code   502  os_tick.o(.text)
    OS_TickListResetPeak                     0x0800f19b   Thumb Code    28  os_tick.o(.text)
    OSTimeDly                                0x0800f1c1   Thumb Code   266  os_time.o(.text)
    OSTimeDlyHMSM                            0x0800f2cb   Thumb Code   480  os_time.o(.text)
    OSTimeDlyResume                          0x0800f4ab   Thumb Code   466  os_time.o(.text)
    OSTimeGet                                0x0800f67d   Thumb Code    46  os_time.o(.text)
    OSTimeSet                                0x0800f6ab   Thumb Code    46  os_time.o(.text)
    OSTimeTick                               0x0800f6d9   Thumb Code    54  os_time.o(.text)
    OS_TmrDbgListAdd                         0x0800f725   Thumb Code    34  os_tmr.o(.text)
    OSTmrCreate                              0x0800f747   Thumb Code   248  os_tmr.o(.text)
    OS_TmrClr                                0x0800f83f   Thumb Code    36  os_tmr.o(.text)
    OS_TmrUnlink                             0x0800f863   Thumb Code    72  os_tmr.o(.text)
    OS_TmrDbgListRemove                      0x0800f8ab   Thumb Code    44  os_tmr.o(.text)
    OSTmrDel                                 0x0800f8d7   Thumb Code   176  os_tmr.o(.text)
    OSTmrRemainGet                           0x0800f987   Thumb Code   184  os_tmr.o(.text)
    OS_TmrLink                               0x0800fa3f   Thumb Code   196  os_tmr.o(.text)
    OSTmrStart                               0x0800fb03   Thumb Code   210  os_tmr.o(.text)
    OSTmrStateGet                            0x0800fbd5   Thumb Code   134  os_tmr.o(.text)
    OSTmrStop                                0x0800fc5b   Thumb Code   232  os_tmr.o(.text)
    OS_TmrTask                               0x0800fd43   Thumb Code   176  os_tmr.o(.text)
    OS_TmrInit                               0x0800fdf3   Thumb Code   208  os_tmr.o(.text)
    OS_TmrResetPeak                          0x0800fec3   Thumb Code    28  os_tmr.o(.text)
    OSIdleTaskHook                           0x0800ff3d   Thumb Code    16  os_cpu_c.o(.text)
    OSInitHook                               0x0800ff4d   Thumb Code    28  os_cpu_c.o(.text)
    OSStatTaskHook                           0x0800ff69   Thumb Code    16  os_cpu_c.o(.text)
    OSTaskCreateHook                         0x0800ff79   Thumb Code    20  os_cpu_c.o(.text)
    OSTaskDelHook                            0x0800ff8d   Thumb Code    20  os_cpu_c.o(.text)
    OSTaskReturnHook                         0x0800ffa1   Thumb Code    20  os_cpu_c.o(.text)
    OSTaskStkInit                            0x0800ffb5   Thumb Code   600  os_cpu_c.o(.text)
    OSTaskSwHook                             0x0801020d   Thumb Code   120  os_cpu_c.o(.text)
    OSTimeTickHook                           0x08010285   Thumb Code    16  os_cpu_c.o(.text)
    OS_CPU_SysTickHandler                    0x08010295   Thumb Code    52  os_cpu_c.o(.text)
    OS_CPU_SysTickInit                       0x080102c9   Thumb Code    44  os_cpu_c.o(.text)
    __use_no_semihosting                     0x08010335   Thumb Code     2  use_no_semi_2.o(.text)
    __aeabi_uldivmod                         0x08010337   Thumb Code     0  lludivv7m.o(.text)
    _ll_udiv                                 0x08010337   Thumb Code   238  lludivv7m.o(.text)
    __2printf                                0x08010425   Thumb Code    20  noretval__2printf.o(.text)
    __2sprintf                               0x0801043d   Thumb Code    34  noretval__2sprintf.o(.text)
    __printf                                 0x08010465   Thumb Code   104  __printf.o(.text)
    _printf_int_dec                          0x080104cd   Thumb Code   104  _printf_dec.o(.text)
    atoi                                     0x08010545   Thumb Code    26  atoi.o(.text)
    strcpy                                   0x0801055f   Thumb Code    72  strcpy.o(.text)
    __aeabi_memclr4                          0x080105a7   Thumb Code     0  rt_memclr_w.o(.text)
    __aeabi_memclr8                          0x080105a7   Thumb Code     0  rt_memclr_w.o(.text)
    __rt_memclr_w                            0x080105a7   Thumb Code    78  rt_memclr_w.o(.text)
    _memset_w                                0x080105ab   Thumb Code     0  rt_memclr_w.o(.text)
    __use_two_region_memory                  0x080105f5   Thumb Code     2  heapauxi.o(.text)
    __rt_heap_escrow$2region                 0x080105f7   Thumb Code     2  heapauxi.o(.text)
    __rt_heap_expand$2region                 0x080105f9   Thumb Code     2  heapauxi.o(.text)
    __I$use$semihosting                      0x080105fb   Thumb Code     0  use_no_semi.o(.text)
    __use_no_semihosting_swi                 0x080105fb   Thumb Code     2  use_no_semi.o(.text)
    __aeabi_errno_addr                       0x080105fd   Thumb Code     8  rt_errno_addr_intlibspace.o(.text)
    __errno$intlibspace                      0x080105fd   Thumb Code     0  rt_errno_addr_intlibspace.o(.text)
    __rt_errno_addr$intlibspace              0x080105fd   Thumb Code     0  rt_errno_addr_intlibspace.o(.text)
    __read_errno                             0x08010605   Thumb Code    10  _rserrno.o(.text)
    __set_errno                              0x0801060f   Thumb Code    12  _rserrno.o(.text)
    _printf_int_common                       0x0801061b   Thumb Code   178  _printf_intcommon.o(.text)
    _printf_char_common                      0x080106d7   Thumb Code    32  _printf_char_common.o(.text)
    _sputc                                   0x080106fd   Thumb Code    10  _sputc.o(.text)
    _printf_char_file                        0x08010709   Thumb Code    32  _printf_char_file.o(.text)
    __strtod_int                             0x08010769   Thumb Code    90  strtod.o(.text)
    strtol                                   0x080107d1   Thumb Code   112  strtol.o(.text)
    __user_libspace                          0x08010841   Thumb Code     8  libspace.o(.text)
    __user_perproc_libspace                  0x08010841   Thumb Code     0  libspace.o(.text)
    __user_perthread_libspace                0x08010841   Thumb Code     0  libspace.o(.text)
    __rt_ctype_table                         0x08010849   Thumb Code    16  rt_ctype_table.o(.text)
    isspace                                  0x08010859   Thumb Code    18  isspace.o(.text)
    _sgetc                                   0x0801086b   Thumb Code    30  _sgetc.o(.text)
    _sbackspace                              0x08010889   Thumb Code    34  _sgetc.o(.text)
    _strtoul                                 0x080108ab   Thumb Code   158  _strtoul.o(.text)
    ferror                                   0x08010949   Thumb Code     8  ferror.o(.text)
    __user_setup_stackheap                   0x08010951   Thumb Code    74  sys_stackheap_outer.o(.text)
    __rt_locale                              0x0801099d   Thumb Code     8  rt_locale_intlibspace.o(.text)
    _chval                                   0x080109a5   Thumb Code    28  _chval.o(.text)
    _scanf_really_real                       0x08010bbd   Thumb Code   668  scanf_fp.o(.text)
    exit                                     0x08010e65   Thumb Code    18  exit.o(.text)
    strcmp                                   0x08010e79   Thumb Code   128  strcmpv7m.o(.text)
    _btod_etento                             0x08010ef9   Thumb Code   216  bigflt0.o(.text)
    _scanf_really_hex_real                   0x08010fd5   Thumb Code   786  scanf_hexfp.o(.text)
    _scanf_really_infnan                     0x080112f5   Thumb Code   292  scanf_infnan.o(.text)
    __aeabi_llsl                             0x08011429   Thumb Code     0  llshl.o(.text)
    _ll_shift_l                              0x08011429   Thumb Code    38  llshl.o(.text)
    __btod_div_common                        0x0801144f   Thumb Code   696  btod.o(CL$$btod_div_common)
    _e2d                                     0x08011789   Thumb Code    80  btod.o(CL$$btod_e2d)
    _e2e                                     0x080117dd   Thumb Code   198  btod.o(CL$$btod_e2e)
    _btod_ediv                               0x080118a3   Thumb Code    40  btod.o(CL$$btod_ediv)
    _btod_edivd                              0x080118cb   Thumb Code    40  btod.o(CL$$btod_edivd)
    _btod_emul                               0x080118f3   Thumb Code    40  btod.o(CL$$btod_emul)
    _btod_emuld                              0x0801191b   Thumb Code    40  btod.o(CL$$btod_emuld)
    __btod_mult_common                       0x08011943   Thumb Code   580  btod.o(CL$$btod_mult_common)
    OSStartHighRdy                           0x08011b89   Thumb Code     0  os_cpu_a.o(CODE)
    OSCtxSw                                  0x08011bab   Thumb Code     0  os_cpu_a.o(CODE)
    OSIntCtxSw                               0x08011bb5   Thumb Code     0  os_cpu_a.o(CODE)
    PendSV_Handler                           0x08011bbf   Thumb Code     0  os_cpu_a.o(CODE)
    __hardfp_atof                            0x08011c39   Thumb Code    44  atof.o(i.__hardfp_atof)
    __hardfp_ldexp                           0x08011c71   Thumb Code   200  ldexp.o(i.__hardfp_ldexp)
    __mathlib_dbl_overflow                   0x08011d41   Thumb Code    24  dunder.o(i.__mathlib_dbl_overflow)
    __mathlib_dbl_underflow                  0x08011d61   Thumb Code    24  dunder.o(i.__mathlib_dbl_underflow)
    __mathlib_narrow                         0x08011d81   Thumb Code   166  narrow.o(i.__mathlib_narrow)
    __support_ldexp                          0x08011e39   Thumb Code    20  ldexp.o(i.__support_ldexp)
    _is_digit                                0x08011e4d   Thumb Code    14  __printf_wp.o(i._is_digit)
    frexp                                    0x08011e61   Thumb Code   118  frexp.o(i.frexp)
    _get_lc_numeric                          0x08011eed   Thumb Code    44  lc_numeric_c.o(locale$$code)
    _get_lc_ctype                            0x08011f19   Thumb Code    44  lc_ctype_c.o(locale$$code)
    __aeabi_d2f                              0x08011f45   Thumb Code     0  d2f.o(x$fpl$d2f)
    _d2f                                     0x08011f45   Thumb Code    98  d2f.o(x$fpl$d2f)
    __aeabi_dadd                             0x08011fa9   Thumb Code     0  daddsub_clz.o(x$fpl$dadd)
    _dadd                                    0x08011fa9   Thumb Code   332  daddsub_clz.o(x$fpl$dadd)
    __fpl_dcheck_NaN1                        0x080120f9   Thumb Code    10  dcheck1.o(x$fpl$dcheck1)
    __fpl_dcmp_Inf                           0x08012109   Thumb Code    24  dcmpi.o(x$fpl$dcmpinf)
    __aeabi_ddiv                             0x08012121   Thumb Code     0  ddiv.o(x$fpl$ddiv)
    _ddiv                                    0x08012121   Thumb Code   552  ddiv.o(x$fpl$ddiv)
    __aeabi_cdcmpeq                          0x080123d1   Thumb Code     0  deqf.o(x$fpl$deqf)
    _dcmpeq                                  0x080123d1   Thumb Code   120  deqf.o(x$fpl$deqf)
    __aeabi_i2d                              0x08012449   Thumb Code     0  dflt_clz.o(x$fpl$dflt)
    _dflt                                    0x08012449   Thumb Code    46  dflt_clz.o(x$fpl$dflt)
    __aeabi_ui2d                             0x08012477   Thumb Code     0  dflt_clz.o(x$fpl$dfltu)
    _dfltu                                   0x08012477   Thumb Code    38  dflt_clz.o(x$fpl$dfltu)
    __aeabi_cdcmple                          0x0801249d   Thumb Code     0  dleqf.o(x$fpl$dleqf)
    _dcmple                                  0x0801249d   Thumb Code   120  dleqf.o(x$fpl$dleqf)
    __fpl_dcmple_InfNaN                      0x080124ff   Thumb Code     0  dleqf.o(x$fpl$dleqf)
    __aeabi_dmul                             0x08012515   Thumb Code     0  dmul.o(x$fpl$dmul)
    _dmul                                    0x08012515   Thumb Code   332  dmul.o(x$fpl$dmul)
    __fpl_dnaninf                            0x08012669   Thumb Code   156  dnaninf.o(x$fpl$dnaninf)
    __fpl_dretinf                            0x08012705   Thumb Code    12  dretinf.o(x$fpl$dretinf)
    __aeabi_cdrcmple                         0x08012711   Thumb Code     0  drleqf.o(x$fpl$drleqf)
    _drcmple                                 0x08012711   Thumb Code   108  drleqf.o(x$fpl$drleqf)
    __aeabi_dsub                             0x0801277d   Thumb Code     0  daddsub_clz.o(x$fpl$dsub)
    _dsub                                    0x0801277d   Thumb Code   464  daddsub_clz.o(x$fpl$dsub)
    __aeabi_f2d                              0x08012951   Thumb Code     0  f2d.o(x$fpl$f2d)
    _f2d                                     0x08012951   Thumb Code    86  f2d.o(x$fpl$f2d)
    __fpl_fnaninf                            0x080129a7   Thumb Code   140  fnaninf.o(x$fpl$fnaninf)
    _fp_init                                 0x08012a33   Thumb Code    10  fpinit.o(x$fpl$fpinit)
    __fplib_config_fpu_vfp                   0x08012a3b   Thumb Code     0  fpinit.o(x$fpl$fpinit)
    __fplib_config_pureend_doubles           0x08012a3b   Thumb Code     0  fpinit.o(x$fpl$fpinit)
    __fpl_fretinf                            0x08012a3d   Thumb Code    10  fretinf.o(x$fpl$fretinf)
    __fpl_return_NaN                         0x08012a47   Thumb Code   100  retnan.o(x$fpl$retnan)
    __ARM_scalbn                             0x08012aab   Thumb Code    92  scalbn.o(x$fpl$scalbn)
    _scanf_real                              0x08012b07   Thumb Code     4  scanf1.o(x$fpl$scanf1)
    _scanf_hex_real                          0x08012b0b   Thumb Code     4  scanf2.o(x$fpl$scanf2)
    _scanf_infnan                            0x08012b0f   Thumb Code     4  scanf2.o(x$fpl$scanf2)
    __fpl_cmpreturn                          0x08012b13   Thumb Code    48  trapv.o(x$fpl$trapveneer)
    __I$use$fp                               0x08012b42   Number         0  usenofp.o(x$fpl$usenofp)
    CPU_EndiannessTest                       0x08012c44   Data           4  cpu_core.o(.constdata)
    OSCfg_IdleTaskStkBasePtr                 0x08012cdc   Data           4  os_cfg_app.o(.constdata)
    OSCfg_IdleTaskStkLimit                   0x08012ce0   Data           4  os_cfg_app.o(.constdata)
    OSCfg_IdleTaskStkSize                    0x08012ce4   Data           4  os_cfg_app.o(.constdata)
    OSCfg_IdleTaskStkSizeRAM                 0x08012ce8   Data           4  os_cfg_app.o(.constdata)
    OSCfg_IntQBasePtr                        0x08012cec   Data           4  os_cfg_app.o(.constdata)
    OSCfg_IntQSize                           0x08012cf0   Data           2  os_cfg_app.o(.constdata)
    OSCfg_IntQSizeRAM                        0x08012cf4   Data           4  os_cfg_app.o(.constdata)
    OSCfg_IntQTaskStkBasePtr                 0x08012cf8   Data           4  os_cfg_app.o(.constdata)
    OSCfg_IntQTaskStkLimit                   0x08012cfc   Data           4  os_cfg_app.o(.constdata)
    OSCfg_IntQTaskStkSize                    0x08012d00   Data           4  os_cfg_app.o(.constdata)
    OSCfg_IntQTaskStkSizeRAM                 0x08012d04   Data           4  os_cfg_app.o(.constdata)
    OSCfg_ISRStkBasePtr                      0x08012d08   Data           4  os_cfg_app.o(.constdata)
    OSCfg_ISRStkSize                         0x08012d0c   Data           4  os_cfg_app.o(.constdata)
    OSCfg_ISRStkSizeRAM                      0x08012d10   Data           4  os_cfg_app.o(.constdata)
    OSCfg_MsgPoolSize                        0x08012d14   Data           2  os_cfg_app.o(.constdata)
    OSCfg_MsgPoolSizeRAM                     0x08012d18   Data           4  os_cfg_app.o(.constdata)
    OSCfg_MsgPoolBasePtr                     0x08012d1c   Data           4  os_cfg_app.o(.constdata)
    OSCfg_StatTaskPrio                       0x08012d20   Data           1  os_cfg_app.o(.constdata)
    OSCfg_StatTaskRate_Hz                    0x08012d24   Data           4  os_cfg_app.o(.constdata)
    OSCfg_StatTaskStkBasePtr                 0x08012d28   Data           4  os_cfg_app.o(.constdata)
    OSCfg_StatTaskStkLimit                   0x08012d2c   Data           4  os_cfg_app.o(.constdata)
    OSCfg_StatTaskStkSize                    0x08012d30   Data           4  os_cfg_app.o(.constdata)
    OSCfg_StatTaskStkSizeRAM                 0x08012d34   Data           4  os_cfg_app.o(.constdata)
    OSCfg_StkSizeMin                         0x08012d38   Data           4  os_cfg_app.o(.constdata)
    OSCfg_TickRate_Hz                        0x08012d3c   Data           4  os_cfg_app.o(.constdata)
    OSCfg_TickTaskPrio                       0x08012d40   Data           1  os_cfg_app.o(.constdata)
    OSCfg_TickTaskStkBasePtr                 0x08012d44   Data           4  os_cfg_app.o(.constdata)
    OSCfg_TickTaskStkLimit                   0x08012d48   Data           4  os_cfg_app.o(.constdata)
    OSCfg_TickTaskStkSize                    0x08012d4c   Data           4  os_cfg_app.o(.constdata)
    OSCfg_TickTaskStkSizeRAM                 0x08012d50   Data           4  os_cfg_app.o(.constdata)
    OSCfg_TickWheelSize                      0x08012d54   Data           2  os_cfg_app.o(.constdata)
    OSCfg_TickWheelSizeRAM                   0x08012d58   Data           4  os_cfg_app.o(.constdata)
    OSCfg_TmrTaskPrio                        0x08012d5c   Data           1  os_cfg_app.o(.constdata)
    OSCfg_TmrTaskRate_Hz                     0x08012d60   Data           4  os_cfg_app.o(.constdata)
    OSCfg_TmrTaskStkBasePtr                  0x08012d64   Data           4  os_cfg_app.o(.constdata)
    OSCfg_TmrTaskStkLimit                    0x08012d68   Data           4  os_cfg_app.o(.constdata)
    OSCfg_TmrTaskStkSize                     0x08012d6c   Data           4  os_cfg_app.o(.constdata)
    OSCfg_TmrTaskStkSizeRAM                  0x08012d70   Data           4  os_cfg_app.o(.constdata)
    OSCfg_TmrWheelSize                       0x08012d74   Data           2  os_cfg_app.o(.constdata)
    OSCfg_TmrWheelSizeRAM                    0x08012d78   Data           4  os_cfg_app.o(.constdata)
    OSCfg_DataSizeRAM                        0x08012d7c   Data           4  os_cfg_app.o(.constdata)
    OSDbg_DbgEn                              0x08012d80   Data           2  os_dbg.o(.constdata)
    OSDbg_ArgChkEn                           0x08012d82   Data           1  os_dbg.o(.constdata)
    OSDbg_AppHooksEn                         0x08012d83   Data           1  os_dbg.o(.constdata)
    OSDbg_EndiannessTest                     0x08012d84   Data           4  os_dbg.o(.constdata)
    OSDbg_CalledFromISRChkEn                 0x08012d88   Data           1  os_dbg.o(.constdata)
    OSDbg_FlagEn                             0x08012d89   Data           1  os_dbg.o(.constdata)
    OSDbg_FlagGrp                            0x08012d8c   Data          40  os_dbg.o(.constdata)
    OSDbg_FlagDelEn                          0x08012db4   Data           1  os_dbg.o(.constdata)
    OSDbg_FlagModeClrEn                      0x08012db5   Data           1  os_dbg.o(.constdata)
    OSDbg_FlagPendAbortEn                    0x08012db6   Data           1  os_dbg.o(.constdata)
    OSDbg_FlagGrpSize                        0x08012db8   Data           2  os_dbg.o(.constdata)
    OSDbg_FlagWidth                          0x08012dba   Data           2  os_dbg.o(.constdata)
    OSDbg_IntQ                               0x08012dbc   Data           2  os_dbg.o(.constdata)
    OSDbg_ISRPostDeferredEn                  0x08012dbe   Data           1  os_dbg.o(.constdata)
    OSDbg_Mem                                0x08012dc0   Data          32  os_dbg.o(.constdata)
    OSDbg_MemEn                              0x08012de0   Data           1  os_dbg.o(.constdata)
    OSDbg_MemSize                            0x08012de2   Data           2  os_dbg.o(.constdata)
    OSDbg_MsgEn                              0x08012de4   Data           1  os_dbg.o(.constdata)
    OSDbg_MsgSize                            0x08012de6   Data           2  os_dbg.o(.constdata)
    OSDbg_MsgPoolSize                        0x08012de8   Data           2  os_dbg.o(.constdata)
    OSDbg_MsgQSize                           0x08012dea   Data           2  os_dbg.o(.constdata)
    OSDbg_Mutex                              0x08012dec   Data          44  os_dbg.o(.constdata)
    OSDbg_MutexEn                            0x08012e18   Data           1  os_dbg.o(.constdata)
    OSDbg_MutexDelEn                         0x08012e19   Data           1  os_dbg.o(.constdata)
    OSDbg_MutexPendAbortEn                   0x08012e1a   Data           1  os_dbg.o(.constdata)
    OSDbg_MutexSize                          0x08012e1c   Data           2  os_dbg.o(.constdata)
    OSDbg_ObjTypeChkEn                       0x08012e1e   Data           1  os_dbg.o(.constdata)
    OSDbg_PendMultiEn                        0x08012e1f   Data           1  os_dbg.o(.constdata)
    OSDbg_PendDataSize                       0x08012e20   Data           2  os_dbg.o(.constdata)
    OSDbg_PendListSize                       0x08012e22   Data           2  os_dbg.o(.constdata)
    OSDbg_PendObjSize                        0x08012e24   Data           2  os_dbg.o(.constdata)
    OSDbg_PrioMax                            0x08012e26   Data           2  os_dbg.o(.constdata)
    OSDbg_PrioTblSize                        0x08012e28   Data           2  os_dbg.o(.constdata)
    OSDbg_PtrSize                            0x08012e2a   Data           2  os_dbg.o(.constdata)
    OSDbg_Q                                  0x08012e2c   Data          48  os_dbg.o(.constdata)
    OSDbg_QEn                                0x08012e5c   Data           1  os_dbg.o(.constdata)
    OSDbg_QDelEn                             0x08012e5d   Data           1  os_dbg.o(.constdata)
    OSDbg_QFlushEn                           0x08012e5e   Data           1  os_dbg.o(.constdata)
    OSDbg_QPendAbortEn                       0x08012e5f   Data           1  os_dbg.o(.constdata)
    OSDbg_QSize                              0x08012e60   Data           2  os_dbg.o(.constdata)
    OSDbg_SchedRoundRobinEn                  0x08012e62   Data           1  os_dbg.o(.constdata)
    OSDbg_Sem                                0x08012e64   Data          40  os_dbg.o(.constdata)
    OSDbg_SemEn                              0x08012e8c   Data           1  os_dbg.o(.constdata)
    OSDbg_SemDelEn                           0x08012e8d   Data           1  os_dbg.o(.constdata)
    OSDbg_SemPendAbortEn                     0x08012e8e   Data           1  os_dbg.o(.constdata)
    OSDbg_SemSetEn                           0x08012e8f   Data           1  os_dbg.o(.constdata)
    OSDbg_SemSize                            0x08012e90   Data           2  os_dbg.o(.constdata)
    OSDbg_RdyList                            0x08012e92   Data           2  os_dbg.o(.constdata)
    OSDbg_RdyListSize                        0x08012e94   Data           4  os_dbg.o(.constdata)
    OSDbg_StkWidth                           0x08012e98   Data           1  os_dbg.o(.constdata)
    OSDbg_StatTaskEn                         0x08012e99   Data           1  os_dbg.o(.constdata)
    OSDbg_StatTaskStkChkEn                   0x08012e9a   Data           1  os_dbg.o(.constdata)
    OSDbg_TaskChangePrioEn                   0x08012e9b   Data           1  os_dbg.o(.constdata)
    OSDbg_TaskDelEn                          0x08012e9c   Data           1  os_dbg.o(.constdata)
    OSDbg_TaskQEn                            0x08012e9d   Data           1  os_dbg.o(.constdata)
    OSDbg_TaskQPendAbortEn                   0x08012e9e   Data           1  os_dbg.o(.constdata)
    OSDbg_TaskProfileEn                      0x08012e9f   Data           1  os_dbg.o(.constdata)
    OSDbg_TaskRegTblSize                     0x08012ea0   Data           2  os_dbg.o(.constdata)
    OSDbg_TaskSemPendAbortEn                 0x08012ea2   Data           1  os_dbg.o(.constdata)
    OSDbg_TaskSuspendEn                      0x08012ea3   Data           1  os_dbg.o(.constdata)
    OSDbg_TCBSize                            0x08012ea4   Data           2  os_dbg.o(.constdata)
    OSDbg_TickSpokeSize                      0x08012ea6   Data           2  os_dbg.o(.constdata)
    OSDbg_TimeDlyHMSMEn                      0x08012ea8   Data           1  os_dbg.o(.constdata)
    OSDbg_TimeDlyResumeEn                    0x08012ea9   Data           1  os_dbg.o(.constdata)
    OSDbg_TLS_TblSize                        0x08012eaa   Data           2  os_dbg.o(.constdata)
    OSDbg_Tmr                                0x08012eac   Data          52  os_dbg.o(.constdata)
    OSDbg_TmrEn                              0x08012ee0   Data           1  os_dbg.o(.constdata)
    OSDbg_TmrDelEn                           0x08012ee1   Data           1  os_dbg.o(.constdata)
    OSDbg_TmrSize                            0x08012ee2   Data           2  os_dbg.o(.constdata)
    OSDbg_TmrSpokeSize                       0x08012ee4   Data           2  os_dbg.o(.constdata)
    OSDbg_VersionNbr                         0x08012ee6   Data           2  os_dbg.o(.constdata)
    OSDbg_DataSize                           0x08012ee8   Data           4  os_dbg.o(.constdata)
    Region$$Table$$Base                      0x08012f80   Number         0  anon$$obj.o(Region$$Table)
    Region$$Table$$Limit                     0x08012fa0   Number         0  anon$$obj.o(Region$$Table)
    __aeabi_HUGE_VAL                         0x08012fa0   Data           0  fpconst.o(c$$dinf)
    __aeabi_HUGE_VALL                        0x08012fa0   Data           0  fpconst.o(c$$dinf)
    __aeabi_INFINITY                         0x08012fa0   Data           0  fpconst.o(c$$dinf)
    __dInf                                   0x08012fa0   Data           0  fpconst.o(c$$dinf)
    __huge_val                               0x08012fa0   Data           0  fpconst.o(c$$dinf)
    __ctype                                  0x08012fd1   Data           0  lc_ctype_c.o(locale$$data)
    carbinet_exp_state                       0x20000000   Data           6  main.o(.data)
    signal                                   0x20000006   Data           8  main.o(.data)
    SystemCoreClock                          0x20000010   Data           4  system_stm32f4xx.o(.data)
    AHBPrescTable                            0x20000014   Data          16  system_stm32f4xx.o(.data)
    steps_L                                  0x20000024   Data           4  exti.o(.data)
    steps_R                                  0x20000028   Data           4  exti.o(.data)
    USART2_RX_COUNT                          0x2000002c   Data           1  usart2.o(.data)
    REC_ACC_FLAG                             0x2000002d   Data           1  usart2.o(.data)
    REC2_FLAG                                0x2000002e   Data           1  usart2.o(.data)
    Ax                                       0x20000030   Data           4  usart2.o(.data)
    Ay                                       0x20000034   Data           4  usart2.o(.data)
    Az                                       0x20000038   Data           4  usart2.o(.data)
    Pitch                                    0x2000003c   Data           4  usart2.o(.data)
    Roll                                     0x20000040   Data           4  usart2.o(.data)
    Yaw                                      0x20000044   Data           4  usart2.o(.data)
    Temperature                              0x20000048   Data           4  usart2.o(.data)
    counter                                  0x2000004c   Data           1  usart3.o(.data)
    Acc                                      0x2000004e   Data           6  mpu9250.o(.data)
    Gyro                                     0x20000054   Data           6  mpu9250.o(.data)
    Mag                                      0x2000005a   Data           6  mpu9250.o(.data)
    Mag_Fuse                                 0x20000060   Data           6  mpu9250.o(.data)
    Gy_SET                                   0x20000066   Data           6  mpu9250.o(.data)
    GYRO_OFFSET                              0x2000006c   Data           6  mpu9250.o(.data)
    Acc_OFFSET                               0x20000072   Data           6  mpu9250.o(.data)
    MPU6050_GYRO_LAST                        0x20000078   Data           6  mpu9250.o(.data)
    counter_L                                0x20000080   Data           8  motor.o(.data)
    counter_R                                0x20000088   Data           8  motor.o(.data)
    arr_L                                    0x20000090   Data           8  motor.o(.data)
    arr_R                                    0x20000098   Data           8  motor.o(.data)
    step_counter_R                           0x200000a0   Data           4  motor.o(.data)
    step_counter_L                           0x200000a4   Data           4  motor.o(.data)
    TIM4CH1_CAPTURE_STA                      0x200000a8   Data           1  icapture.o(.data)
    TIM4CH2_CAPTURE_STA                      0x200000a9   Data           1  icapture.o(.data)
    TIM4CH3_CAPTURE_STA                      0x200000aa   Data           1  icapture.o(.data)
    TIM4CH4_CAPTURE_STA                      0x200000ab   Data           1  icapture.o(.data)
    TIM4CH1_CAPTURE_VAL                      0x200000ac   Data           4  icapture.o(.data)
    TIM4CH2_CAPTURE_VAL                      0x200000b0   Data           4  icapture.o(.data)
    TIM4CH3_CAPTURE_VAL                      0x200000b4   Data           4  icapture.o(.data)
    TIM4CH4_CAPTURE_VAL                      0x200000b8   Data           4  icapture.o(.data)
    Process_finish_flag                      0x200000c4   Data           1  ctrl.o(.data)
    ax                                       0x200000c8   Data           4  ctrl.o(.data)
    ay                                       0x200000cc   Data           4  ctrl.o(.data)
    gz                                       0x200000d0   Data           4  ctrl.o(.data)
    usable_gz                                0x200000d4   Data           4  ctrl.o(.data)
    deg_angle                                0x200000d8   Data           4  ctrl.o(.data)
    vol_wL                                   0x200000dc   Data           4  ctrl.o(.data)
    vol_wR                                   0x200000e0   Data           4  ctrl.o(.data)
    time_start                               0x200000f0   Data           4  stepmotor.o(.data)
    delay_time                               0x200000f6   Data           1  limit_switch.o(.data)
    __stdout                                 0x2000010c   Data           4  usart.o(.data)
    counter_usart1                           0x20000110   Data           1  usart.o(.data)
    stop_bit                                 0x20000111   Data           1  usart.o(.data)
    CPU_TS_TmrFreq_Hz                        0x20000114   Data           4  cpu_core.o(.data)
    Mem_PoolTbl                              0x20000118   Data           4  lib_mem.o(.data)
    OSPrioTbl                                0x2000011c   Data           8  os_prio.o(.data)
    OS_AppTaskCreateHookPtr                  0x20000124   Data           4  os_var.o(.data)
    OS_AppTaskDelHookPtr                     0x20000128   Data           4  os_var.o(.data)
    OS_AppTaskReturnHookPtr                  0x2000012c   Data           4  os_var.o(.data)
    OS_AppIdleTaskHookPtr                    0x20000130   Data           4  os_var.o(.data)
    OS_AppStatTaskHookPtr                    0x20000134   Data           4  os_var.o(.data)
    OS_AppTaskSwHookPtr                      0x20000138   Data           4  os_var.o(.data)
    OS_AppTimeTickHookPtr                    0x2000013c   Data           4  os_var.o(.data)
    OSIdleTaskCtr                            0x20000140   Data           4  os_var.o(.data)
    OSIntNestingCtr                          0x20000144   Data           1  os_var.o(.data)
    OSRunning                                0x20000145   Data           1  os_var.o(.data)
    OSIntQInPtr                              0x20000148   Data           4  os_var.o(.data)
    OSIntQOutPtr                             0x2000014c   Data           4  os_var.o(.data)
    OSIntQNbrEntries                         0x20000150   Data           2  os_var.o(.data)
    OSIntQNbrEntriesMax                      0x20000152   Data           2  os_var.o(.data)
    OSIntQOvfCtr                             0x20000154   Data           2  os_var.o(.data)
    OSIntQTaskTimeMax                        0x20000158   Data           4  os_var.o(.data)
    OSFlagDbgListPtr                         0x2000015c   Data           4  os_var.o(.data)
    OSFlagQty                                0x20000160   Data           2  os_var.o(.data)
    OSMemDbgListPtr                          0x20000164   Data           4  os_var.o(.data)
    OSMemQty                                 0x20000168   Data           2  os_var.o(.data)
    OSMutexDbgListPtr                        0x2000016c   Data           4  os_var.o(.data)
    OSMutexQty                               0x20000170   Data           2  os_var.o(.data)
    OSPrioCur                                0x20000172   Data           1  os_var.o(.data)
    OSPrioHighRdy                            0x20000173   Data           1  os_var.o(.data)
    OSPrioSaved                              0x20000174   Data           1  os_var.o(.data)
    OSQDbgListPtr                            0x20000178   Data           4  os_var.o(.data)
    OSQQty                                   0x2000017c   Data           2  os_var.o(.data)
    OSSchedLockTimeBegin                     0x20000180   Data           4  os_var.o(.data)
    OSSchedLockTimeMax                       0x20000184   Data           4  os_var.o(.data)
    OSSchedLockTimeMaxCur                    0x20000188   Data           4  os_var.o(.data)
    OSSchedLockNestingCtr                    0x2000018c   Data           1  os_var.o(.data)
    OSSchedRoundRobinDfltTimeQuanta          0x20000190   Data           4  os_var.o(.data)
    OSSchedRoundRobinEn                      0x20000194   Data           1  os_var.o(.data)
    OSSemDbgListPtr                          0x20000198   Data           4  os_var.o(.data)
    OSSemQty                                 0x2000019c   Data           2  os_var.o(.data)
    OSStatResetFlag                          0x2000019e   Data           1  os_var.o(.data)
    OSStatTaskCPUUsage                       0x200001a0   Data           2  os_var.o(.data)
    OSStatTaskCPUUsageMax                    0x200001a2   Data           2  os_var.o(.data)
    OSStatTaskCtr                            0x200001a4   Data           4  os_var.o(.data)
    OSStatTaskCtrMax                         0x200001a8   Data           4  os_var.o(.data)
    OSStatTaskCtrRun                         0x200001ac   Data           4  os_var.o(.data)
    OSStatTaskRdy                            0x200001b0   Data           1  os_var.o(.data)
    OSStatTaskTimeMax                        0x200001b4   Data           4  os_var.o(.data)
    OSTaskCtxSwCtr                           0x200001b8   Data           4  os_var.o(.data)
    OSTaskDbgListPtr                         0x200001bc   Data           4  os_var.o(.data)
    OSTaskQty                                0x200001c0   Data           2  os_var.o(.data)
    OSTaskRegNextAvailID                     0x200001c2   Data           1  os_var.o(.data)
    OSTickCtr                                0x200001c4   Data           4  os_var.o(.data)
    OSTickTaskTimeMax                        0x200001c8   Data           4  os_var.o(.data)
    OSTmrDbgListPtr                          0x200001cc   Data           4  os_var.o(.data)
    OSTmrQty                                 0x200001d0   Data           2  os_var.o(.data)
    OSTmrTaskTimeMax                         0x200001d4   Data           4  os_var.o(.data)
    OSTmrTickCtr                             0x200001d8   Data           4  os_var.o(.data)
    OSTmrUpdateCnt                           0x200001dc   Data           4  os_var.o(.data)
    OSTmrUpdateCtr                           0x200001e0   Data           4  os_var.o(.data)
    OSTCBCurPtr                              0x200001e4   Data           4  os_var.o(.data)
    OSTCBHighRdyPtr                          0x200001e8   Data           4  os_var.o(.data)
    OS_CPU_ExceptStkBase                     0x200001ec   Data           4  os_cpu_c.o(.data)
    StartTaskTCB                             0x200001f0   Data         196  main.o(.bss)
    START_TASK_STK                           0x200002b4   Data         512  main.o(.bss)
    LED_TASK_TaskTCB                         0x200004b4   Data         196  main.o(.bss)
    LED_TASK_STK                             0x20000578   Data         512  main.o(.bss)
    Print_Task_TaskTCB                       0x20000778   Data         196  main.o(.bss)
    PRINT_TASK_STK                           0x2000083c   Data         512  main.o(.bss)
    Ctrl_TaskTCB                             0x20000a3c   Data         196  main.o(.bss)
    CTRL_TASK_STK                            0x20000b00   Data        1024  main.o(.bss)
    IPCAP_TaskTCB                            0x20000f00   Data         196  main.o(.bss)
    IPCAP_TASK_STK                           0x20000fc4   Data         512  main.o(.bss)
    Cabinet_Ctrl_TaskTCB                     0x200011c4   Data         196  main.o(.bss)
    CABINET_CTRL_TASK_STK                    0x20001288   Data         512  main.o(.bss)
    GPS_UPDATE_TaskTCB                       0x20001488   Data         196  main.o(.bss)
    GPS_UPDATE_TASK_STK                      0x2000154c   Data         512  main.o(.bss)
    carbinet_state                           0x2000174c   Data          62  main.o(.bss)
    State                                    0x2000178c   Data          44  common_fcn.o(.bss)
    Exp_State                                0x200017b8   Data          44  common_fcn.o(.bss)
    USART2_RX_DAT                            0x200017e4   Data          11  usart2.o(.bss)
    GPGGA_Dat                                0x200017f0   Data          46  usart3.o(.bss)
    GPGSA_Dat                                0x2000181e   Data          32  usart3.o(.bss)
    GPRMC_Dat                                0x20001840   Data          60  usart3.o(.bss)
    GPVTG_Dat                                0x2000187c   Data          32  usart3.o(.bss)
    Res                                      0x2000189c   Data         200  usart3.o(.bss)
    Angle                                    0x20001964   Data          12  mpu9250.o(.bss)
    Angle_OFFSET                             0x20001970   Data          12  mpu9250.o(.bss)
    GYRO_Offset                              0x2000197c   Data          12  mpu9250.o(.bss)
    ACC_Offset                               0x20001988   Data          12  mpu9250.o(.bss)
    IMU_DAT                                  0x20001994   Data          36  mpu9250.o(.bss)
    Gyro_Offset                              0x200019b8   Data          12  ctrl.o(.bss)
    Acc_Offset                               0x200019c4   Data          12  ctrl.o(.bss)
    rec                                      0x200019d0   Data          30  usart.o(.bss)
    CPU_Name                                 0x200019ee   Data          16  cpu_core.o(.bss)
    Mem_PoolHeap                             0x20001a00   Data          72  lib_mem.o(.bss)
    Mem_Heap                                 0x20001a48   Data        1024  lib_mem.o(.bss)
    OSCfg_IdleTaskStk                        0x20001e48   Data         512  os_cfg_app.o(.bss)
    OSCfg_IntQ                               0x20002048   Data         320  os_cfg_app.o(.bss)
    OSCfg_IntQTaskStk                        0x20002188   Data         512  os_cfg_app.o(.bss)
    OSCfg_ISRStk                             0x20002388   Data         512  os_cfg_app.o(.bss)
    OSCfg_MsgPool                            0x20002588   Data        1600  os_cfg_app.o(.bss)
    OSCfg_StatTaskStk                        0x20002bc8   Data         512  os_cfg_app.o(.bss)
    OSCfg_TickTaskStk                        0x20002dc8   Data         512  os_cfg_app.o(.bss)
    OSCfg_TickWheel                          0x20002fc8   Data         136  os_cfg_app.o(.bss)
    OSCfg_TmrTaskStk                         0x20003050   Data         512  os_cfg_app.o(.bss)
    OSCfg_TmrWheel                           0x20003250   Data         136  os_cfg_app.o(.bss)
    OSIdleTaskTCB                            0x200032d8   Data         196  os_var.o(.bss)
    OSIntQTaskTCB                            0x2000339c   Data         196  os_var.o(.bss)
    OSMsgPool                                0x20003460   Data          12  os_var.o(.bss)
    OSRdyList                                0x2000346c   Data         768  os_var.o(.bss)
    OSStatTaskTCB                            0x2000376c   Data         196  os_var.o(.bss)
    OSTickTaskTCB                            0x20003830   Data         196  os_var.o(.bss)
    OSTmrTaskTCB                             0x200038f4   Data         196  os_var.o(.bss)
    __libspace_start                         0x200039b8   Data          96  libspace.o(.bss)
    __temporary_stack_top$libspace           0x20003a18   Data           0  libspace.o(.bss)



==============================================================================

Memory Map of the image

  Image Entry point : 0x08000189

  Load Region LR_IROM1 (Base: 0x08000000, Size: 0x000132c4, Max: 0x00080000, ABSOLUTE, COMPRESSED[0x000130fc])

    Execution Region ER_IROM1 (Base: 0x08000000, Size: 0x000130d4, Max: 0x00080000, ABSOLUTE)

    Base Addr    Size         Type   Attr      Idx    E Section Name        Object

    0x08000000   0x00000188   Data   RO          923    RESET               startup_stm32f40_41xxx.o
    0x08000188   0x00000008   Code   RO         1706  * !!!main             c_w.l(__main.o)
    0x08000190   0x00000034   Code   RO         2066    !!!scatter          c_w.l(__scatter.o)
    0x080001c4   0x0000005a   Code   RO         2064    !!dczerorl2         c_w.l(__dczerorl2.o)
    0x0800021e   0x00000002   PAD
    0x08000220   0x0000001c   Code   RO         2068    !!handler_zi        c_w.l(__scatter_zi.o)
    0x0800023c   0x00000000   Code   RO         1697    .ARM.Collect$$_printf_percent$$00000000  c_w.l(_printf_percent.o)
    0x0800023c   0x00000006   Code   RO         1696    .ARM.Collect$$_printf_percent$$00000009  c_w.l(_printf_d.o)
    0x08000242   0x00000004   Code   RO         1760    .ARM.Collect$$_printf_percent$$00000017  c_w.l(_printf_percent_end.o)
    0x08000246   0x00000002   Code   RO         1844    .ARM.Collect$$libinit$$00000000  c_w.l(libinit.o)
    0x08000248   0x00000004   Code   RO         1845    .ARM.Collect$$libinit$$00000001  c_w.l(libinit2.o)
    0x0800024c   0x00000000   Code   RO         1848    .ARM.Collect$$libinit$$00000004  c_w.l(libinit2.o)
    0x0800024c   0x00000000   Code   RO         1851    .ARM.Collect$$libinit$$0000000A  c_w.l(libinit2.o)
    0x0800024c   0x00000000   Code   RO         1853    .ARM.Collect$$libinit$$0000000C  c_w.l(libinit2.o)
    0x0800024c   0x00000000   Code   RO         1855    .ARM.Collect$$libinit$$0000000E  c_w.l(libinit2.o)
    0x0800024c   0x00000006   Code   RO         1856    .ARM.Collect$$libinit$$0000000F  c_w.l(libinit2.o)
    0x08000252   0x00000000   Code   RO         1858    .ARM.Collect$$libinit$$00000011  c_w.l(libinit2.o)
    0x08000252   0x0000000c   Code   RO         1859    .ARM.Collect$$libinit$$00000012  c_w.l(libinit2.o)
    0x0800025e   0x00000000   Code   RO         1860    .ARM.Collect$$libinit$$00000013  c_w.l(libinit2.o)
    0x0800025e   0x00000000   Code   RO         1862    .ARM.Collect$$libinit$$00000015  c_w.l(libinit2.o)
    0x0800025e   0x0000000a   Code   RO         1863    .ARM.Collect$$libinit$$00000016  c_w.l(libinit2.o)
    0x08000268   0x00000000   Code   RO         1864    .ARM.Collect$$libinit$$00000017  c_w.l(libinit2.o)
    0x08000268   0x00000000   Code   RO         1866    .ARM.Collect$$libinit$$00000019  c_w.l(libinit2.o)
    0x08000268   0x00000000   Code   RO         1868    .ARM.Collect$$libinit$$0000001B  c_w.l(libinit2.o)
    0x08000268   0x00000000   Code   RO         1870    .ARM.Collect$$libinit$$0000001D  c_w.l(libinit2.o)
    0x08000268   0x00000000   Code   RO         1872    .ARM.Collect$$libinit$$0000001F  c_w.l(libinit2.o)
    0x08000268   0x00000000   Code   RO         1874    .ARM.Collect$$libinit$$00000021  c_w.l(libinit2.o)
    0x08000268   0x00000000   Code   RO         1876    .ARM.Collect$$libinit$$00000023  c_w.l(libinit2.o)
    0x08000268   0x00000000   Code   RO         1878    .ARM.Collect$$libinit$$00000025  c_w.l(libinit2.o)
    0x08000268   0x00000000   Code   RO         1882    .ARM.Collect$$libinit$$0000002C  c_w.l(libinit2.o)
    0x08000268   0x00000000   Code   RO         1884    .ARM.Collect$$libinit$$0000002E  c_w.l(libinit2.o)
    0x08000268   0x00000000   Code   RO         1886    .ARM.Collect$$libinit$$00000030  c_w.l(libinit2.o)
    0x08000268   0x00000000   Code   RO         1888    .ARM.Collect$$libinit$$00000032  c_w.l(libinit2.o)
    0x08000268   0x00000002   Code   RO         1889    .ARM.Collect$$libinit$$00000033  c_w.l(libinit2.o)
    0x0800026a   0x00000002   Code   RO         1989    .ARM.Collect$$libshutdown$$00000000  c_w.l(libshutdown.o)
    0x0800026c   0x00000000   Code   RO         2024    .ARM.Collect$$libshutdown$$00000002  c_w.l(libshutdown2.o)
    0x0800026c   0x00000000   Code   RO         2026    .ARM.Collect$$libshutdown$$00000004  c_w.l(libshutdown2.o)
    0x0800026c   0x00000000   Code   RO         2029    .ARM.Collect$$libshutdown$$00000007  c_w.l(libshutdown2.o)
    0x0800026c   0x00000000   Code   RO         2032    .ARM.Collect$$libshutdown$$0000000A  c_w.l(libshutdown2.o)
    0x0800026c   0x00000000   Code   RO         2034    .ARM.Collect$$libshutdown$$0000000C  c_w.l(libshutdown2.o)
    0x0800026c   0x00000000   Code   RO         2037    .ARM.Collect$$libshutdown$$0000000F  c_w.l(libshutdown2.o)
    0x0800026c   0x00000002   Code   RO         2038    .ARM.Collect$$libshutdown$$00000010  c_w.l(libshutdown2.o)
    0x0800026e   0x00000000   Code   RO         1740    .ARM.Collect$$rtentry$$00000000  c_w.l(__rtentry.o)
    0x0800026e   0x00000000   Code   RO         1780    .ARM.Collect$$rtentry$$00000002  c_w.l(__rtentry2.o)
    0x0800026e   0x00000006   Code   RO         1792    .ARM.Collect$$rtentry$$00000004  c_w.l(__rtentry4.o)
    0x08000274   0x00000000   Code   RO         1782    .ARM.Collect$$rtentry$$00000009  c_w.l(__rtentry2.o)
    0x08000274   0x00000004   Code   RO         1783    .ARM.Collect$$rtentry$$0000000A  c_w.l(__rtentry2.o)
    0x08000278   0x00000000   Code   RO         1785    .ARM.Collect$$rtentry$$0000000C  c_w.l(__rtentry2.o)
    0x08000278   0x00000008   Code   RO         1786    .ARM.Collect$$rtentry$$0000000D  c_w.l(__rtentry2.o)
    0x08000280   0x00000002   Code   RO         1890    .ARM.Collect$$rtexit$$00000000  c_w.l(rtexit.o)
    0x08000282   0x00000000   Code   RO         1947    .ARM.Collect$$rtexit$$00000002  c_w.l(rtexit2.o)
    0x08000282   0x00000004   Code   RO         1948    .ARM.Collect$$rtexit$$00000003  c_w.l(rtexit2.o)
    0x08000286   0x00000006   Code   RO         1949    .ARM.Collect$$rtexit$$00000004  c_w.l(rtexit2.o)
    0x0800028c   0x000009a8   Code   RO            3    .text               main.o
    0x08000c34   0x00000016   Code   RO          266    .text               stm32f4xx_it.o
    0x08000c4a   0x00000002   PAD
    0x08000c4c   0x00000210   Code   RO          390    .text               system_stm32f4xx.o
    0x08000e5c   0x000001f0   Code   RO          416    .text               common_fcn.o
    0x0800104c   0x00000068   Code   RO          538    .text               led.o
    0x080010b4   0x00000158   Code   RO          558    .text               exti.o
    0x0800120c   0x0000058c   Code   RO          591    .text               timer.o
    0x08001798   0x0000042c   Code   RO          618    .text               usart2.o
    0x08001bc4   0x000008dc   Code   RO          649    .text               usart3.o
    0x080024a0   0x00000504   Code   RO          676    .text               mpu9250.o
    0x080029a4   0x00000374   Code   RO          707    .text               myiic.o
    0x08002d18   0x0000011c   Code   RO          727    .text               adc.o
    0x08002e34   0x0000009c   Code   RO          750    .text               relay.o
    0x08002ed0   0x00000208   Code   RO          773    .text               motor.o
    0x080030d8   0x00000504   Code   RO          796    .text               icapture.o
    0x080035dc   0x000007fc   Code   RO          822    .text               ctrl.o
    0x08003dd8   0x00000720   Code   RO          874    .text               stepmotor.o
    0x080044f8   0x00000294   Code   RO          897    .text               limit_switch.o
    0x0800478c   0x00000040   Code   RO          924    .text               startup_stm32f40_41xxx.o
    0x080047cc   0x000000e0   Code   RO          930    .text               misc.o
    0x080048ac   0x00000294   Code   RO          950    .text               stm32f4xx_gpio.o
    0x08004b40   0x0000065c   Code   RO          970    .text               stm32f4xx_rcc.o
    0x0800519c   0x00000094   Code   RO          992    .text               stm32f4xx_syscfg.o
    0x08005230   0x00000454   Code   RO         1012    .text               stm32f4xx_usart.o
    0x08005684   0x00000ca2   Code   RO         1032    .text               stm32f4xx_tim.o
    0x08006326   0x00000002   PAD
    0x08006328   0x00000464   Code   RO         1052    .text               stm32f4xx_adc.o
    0x0800678c   0x00000110   Code   RO         1132    .text               stm32f4xx_exti.o
    0x0800689c   0x00000148   Code   RO         1172    .text               delay.o
    0x080069e4   0x00000260   Code   RO         1212    .text               usart.o
    0x08006c44   0x00000084   Code   RO         1241    .text               bsp.o
    0x08006cc8   0x000002a8   Code   RO         1274    .text               cpu_core.o
    0x08006f70   0x00000034   Code   RO         1300    .text               cpu_a.o
    0x08006fa4   0x00000256   Code   RO         1303    .text               lib_ascii.o
    0x080071fa   0x00000002   PAD
    0x080071fc   0x000009c6   Code   RO         1336    .text               lib_mem.o
    0x08007bc2   0x00000002   PAD
    0x08007bc4   0x0000092c   Code   RO         1355    .text               lib_str.o
    0x080084f0   0x00000220   Code   RO         1372    .text               lib_mem_a.o
    0x08008710   0x000000fc   Code   RO         1375    .text               os_cfg_app.o
    0x0800880c   0x00000df0   Code   RO         1398    .text               os_core.o
    0x080095fc   0x000001b0   Code   RO         1410    .text               os_dbg.o
    0x080097ac   0x00000e28   Code   RO         1425    .text               os_flag.o
    0x0800a5d4   0x00000444   Code   RO         1437    .text               os_int.o
    0x0800aa18   0x00000238   Code   RO         1449    .text               os_mem.o
    0x0800ac50   0x0000022c   Code   RO         1461    .text               os_msg.o
    0x0800ae7c   0x00000ad4   Code   RO         1473    .text               os_mutex.o
    0x0800b950   0x0000007c   Code   RO         1497    .text               os_prio.o
    0x0800b9cc   0x000008d8   Code   RO         1516    .text               os_q.o
    0x0800c2a4   0x00000830   Code   RO         1528    .text               os_sem.o
    0x0800cad4   0x00000638   Code   RO         1540    .text               os_stat.o
    0x0800d10c   0x00001bb8   Code   RO         1552    .text               os_task.o
    0x0800ecc4   0x000004fc   Code   RO         1564    .text               os_tick.o
    0x0800f1c0   0x00000564   Code   RO         1576    .text               os_time.o
    0x0800f724   0x00000818   Code   RO         1588    .text               os_tmr.o
    0x0800ff3c   0x000003f8   Code   RO         1616    .text               os_cpu_c.o
    0x08010334   0x00000002   Code   RO         1660    .text               c_w.l(use_no_semi_2.o)
    0x08010336   0x000000ee   Code   RO         1662    .text               c_w.l(lludivv7m.o)
    0x08010424   0x00000018   Code   RO         1668    .text               c_w.l(noretval__2printf.o)
    0x0801043c   0x00000028   Code   RO         1670    .text               c_w.l(noretval__2sprintf.o)
    0x08010464   0x00000068   Code   RO         1672    .text               c_w.l(__printf.o)
    0x080104cc   0x00000078   Code   RO         1674    .text               c_w.l(_printf_dec.o)
    0x08010544   0x0000001a   Code   RO         1698    .text               c_w.l(atoi.o)
    0x0801055e   0x00000048   Code   RO         1700    .text               c_w.l(strcpy.o)
    0x080105a6   0x0000004e   Code   RO         1702    .text               c_w.l(rt_memclr_w.o)
    0x080105f4   0x00000006   Code   RO         1704    .text               c_w.l(heapauxi.o)
    0x080105fa   0x00000002   Code   RO         1738    .text               c_w.l(use_no_semi.o)
    0x080105fc   0x00000008   Code   RO         1748    .text               c_w.l(rt_errno_addr_intlibspace.o)
    0x08010604   0x00000016   Code   RO         1750    .text               c_w.l(_rserrno.o)
    0x0801061a   0x000000b2   Code   RO         1752    .text               c_w.l(_printf_intcommon.o)
    0x080106cc   0x00000030   Code   RO         1754    .text               c_w.l(_printf_char_common.o)
    0x080106fc   0x0000000a   Code   RO         1756    .text               c_w.l(_sputc.o)
    0x08010706   0x00000002   PAD
    0x08010708   0x00000024   Code   RO         1758    .text               c_w.l(_printf_char_file.o)
    0x0801072c   0x000000a4   Code   RO         1761    .text               c_w.l(strtod.o)
    0x080107d0   0x00000070   Code   RO         1763    .text               c_w.l(strtol.o)
    0x08010840   0x00000008   Code   RO         1776    .text               c_w.l(libspace.o)
    0x08010848   0x00000010   Code   RO         1794    .text               c_w.l(rt_ctype_table.o)
    0x08010858   0x00000012   Code   RO         1798    .text               c_w.l(isspace.o)
    0x0801086a   0x00000040   Code   RO         1802    .text               c_w.l(_sgetc.o)
    0x080108aa   0x0000009e   Code   RO         1804    .text               c_w.l(_strtoul.o)
    0x08010948   0x00000008   Code   RO         1806    .text               c_w.l(ferror.o)
    0x08010950   0x0000004a   Code   RO         1817    .text               c_w.l(sys_stackheap_outer.o)
    0x0801099a   0x00000002   PAD
    0x0801099c   0x00000008   Code   RO         1822    .text               c_w.l(rt_locale_intlibspace.o)
    0x080109a4   0x0000001c   Code   RO         1824    .text               c_w.l(_chval.o)
    0x080109c0   0x000004a4   Code   RO         1826    .text               c_w.l(scanf_fp.o)
    0x08010e64   0x00000012   Code   RO         1831    .text               c_w.l(exit.o)
    0x08010e76   0x00000002   PAD
    0x08010e78   0x00000080   Code   RO         1837    .text               c_w.l(strcmpv7m.o)
    0x08010ef8   0x000000dc   Code   RO         1894    .text               c_w.l(bigflt0.o)
    0x08010fd4   0x00000320   Code   RO         1953    .text               c_w.l(scanf_hexfp.o)
    0x080112f4   0x00000134   Code   RO         1955    .text               c_w.l(scanf_infnan.o)
    0x08011428   0x00000026   Code   RO         1979    .text               c_w.l(llshl.o)
    0x0801144e   0x00000338   Code   RO         1907    CL$$btod_div_common  c_w.l(btod.o)
    0x08011786   0x00000002   PAD
    0x08011788   0x00000054   Code   RO         1905    CL$$btod_e2d        c_w.l(btod.o)
    0x080117dc   0x000000c6   Code   RO         1904    CL$$btod_e2e        c_w.l(btod.o)
    0x080118a2   0x00000028   Code   RO         1901    CL$$btod_ediv       c_w.l(btod.o)
    0x080118ca   0x00000028   Code   RO         1903    CL$$btod_edivd      c_w.l(btod.o)
    0x080118f2   0x00000028   Code   RO         1900    CL$$btod_emul       c_w.l(btod.o)
    0x0801191a   0x00000028   Code   RO         1902    CL$$btod_emuld      c_w.l(btod.o)
    0x08011942   0x00000244   Code   RO         1906    CL$$btod_mult_common  c_w.l(btod.o)
    0x08011b86   0x00000002   PAD
    0x08011b88   0x000000ac   Code   RO         1640    CODE                os_cpu_a.o
    0x08011c34   0x00000004   PAD
    0x08011c38   0x00000038   Code   RO         1732    i.__hardfp_atof     m_wm.l(atof.o)
    0x08011c70   0x000000d0   Code   RO         1990    i.__hardfp_ldexp    m_wm.l(ldexp.o)
    0x08011d40   0x00000020   Code   RO         2045    i.__mathlib_dbl_overflow  m_wm.l(dunder.o)
    0x08011d60   0x00000020   Code   RO         2047    i.__mathlib_dbl_underflow  m_wm.l(dunder.o)
    0x08011d80   0x000000b8   Code   RO         1939    i.__mathlib_narrow  m_wm.l(narrow.o)
    0x08011e38   0x00000014   Code   RO         1992    i.__support_ldexp   m_wm.l(ldexp.o)
    0x08011e4c   0x0000000e   Code   RO         1686    i._is_digit         c_w.l(__printf_wp.o)
    0x08011e5a   0x00000006   PAD
    0x08011e60   0x0000008c   Code   RO         1969    i.frexp             m_wm.l(frexp.o)
    0x08011eec   0x0000002c   Code   RO         1811    locale$$code        c_w.l(lc_numeric_c.o)
    0x08011f18   0x0000002c   Code   RO         1829    locale$$code        c_w.l(lc_ctype_c.o)
    0x08011f44   0x00000062   Code   RO         1708    x$fpl$d2f           fz_wm.l(d2f.o)
    0x08011fa6   0x00000002   PAD
    0x08011fa8   0x00000150   Code   RO         1710    x$fpl$dadd          fz_wm.l(daddsub_clz.o)
    0x080120f8   0x00000010   Code   RO         2056    x$fpl$dcheck1       fz_wm.l(dcheck1.o)
    0x08012108   0x00000018   Code   RO         1813    x$fpl$dcmpinf       fz_wm.l(dcmpi.o)
    0x08012120   0x000002b0   Code   RO         1717    x$fpl$ddiv          fz_wm.l(ddiv.o)
    0x080123d0   0x00000078   Code   RO         1965    x$fpl$deqf          fz_wm.l(deqf.o)
    0x08012448   0x0000002e   Code   RO         1721    x$fpl$dflt          fz_wm.l(dflt_clz.o)
    0x08012476   0x00000026   Code   RO         1720    x$fpl$dfltu         fz_wm.l(dflt_clz.o)
    0x0801249c   0x00000078   Code   RO         1765    x$fpl$dleqf         fz_wm.l(dleqf.o)
    0x08012514   0x00000154   Code   RO         1726    x$fpl$dmul          fz_wm.l(dmul.o)
    0x08012668   0x0000009c   Code   RO         1767    x$fpl$dnaninf       fz_wm.l(dnaninf.o)
    0x08012704   0x0000000c   Code   RO         1769    x$fpl$dretinf       fz_wm.l(dretinf.o)
    0x08012710   0x0000006c   Code   RO         1728    x$fpl$drleqf        fz_wm.l(drleqf.o)
    0x0801277c   0x000001d4   Code   RO         1712    x$fpl$dsub          fz_wm.l(daddsub_clz.o)
    0x08012950   0x00000056   Code   RO         1730    x$fpl$f2d           fz_wm.l(f2d.o)
    0x080129a6   0x0000008c   Code   RO         1771    x$fpl$fnaninf       fz_wm.l(fnaninf.o)
    0x08012a32   0x0000000a   Code   RO         1928    x$fpl$fpinit        fz_wm.l(fpinit.o)
    0x08012a3c   0x0000000a   Code   RO         1773    x$fpl$fretinf       fz_wm.l(fretinf.o)
    0x08012a46   0x00000064   Code   RO         2058    x$fpl$retnan        fz_wm.l(retnan.o)
    0x08012aaa   0x0000005c   Code   RO         2039    x$fpl$scalbn        fz_wm.l(scalbn.o)
    0x08012b06   0x00000004   Code   RO         1815    x$fpl$scanf1        fz_wm.l(scanf1.o)
    0x08012b0a   0x00000008   Code   RO         1932    x$fpl$scanf2        fz_wm.l(scanf2.o)
    0x08012b12   0x00000030   Code   RO         2060    x$fpl$trapveneer    fz_wm.l(trapv.o)
    0x08012b42   0x00000000   Code   RO         1775    x$fpl$usenofp       fz_wm.l(usenofp.o)
    0x08012b42   0x00000002   PAD
    0x08012b44   0x00000104   Data   RO         1276    .constdata          cpu_core.o
    0x08012c48   0x00000094   Data   RO         1356    .constdata          lib_str.o
    0x08012cdc   0x000000a4   Data   RO         1377    .constdata          os_cfg_app.o
    0x08012d80   0x0000016c   Data   RO         1411    .constdata          os_dbg.o
    0x08012eec   0x00000094   Data   RO         1895    .constdata          c_w.l(bigflt0.o)
    0x08012f80   0x00000020   Data   RO         2062    Region$$Table       anon$$obj.o
    0x08012fa0   0x00000008   Data   RO         1925    c$$dinf             fz_wm.l(fpconst.o)
    0x08012fa8   0x0000001c   Data   RO         1810    locale$$data        c_w.l(lc_numeric_c.o)
    0x08012fc4   0x00000110   Data   RO         1828    locale$$data        c_w.l(lc_ctype_c.o)


    Execution Region RW_IRAM1 (Base: 0x20000000, Size: 0x00004018, Max: 0x00020000, ABSOLUTE, COMPRESSED[0x00000028])

    Base Addr    Size         Type   Attr      Idx    E Section Name        Object

    0x20000000   0x0000000e   Data   RW            5    .data               main.o
    0x2000000e   0x00000002   PAD
    0x20000010   0x00000014   Data   RW          391    .data               system_stm32f4xx.o
    0x20000024   0x00000008   Data   RW          559    .data               exti.o
    0x2000002c   0x00000020   Data   RW          620    .data               usart2.o
    0x2000004c   0x00000001   Data   RW          651    .data               usart3.o
    0x2000004d   0x00000001   PAD
    0x2000004e   0x00000030   Data   RW          678    .data               mpu9250.o
    0x2000007e   0x00000002   PAD
    0x20000080   0x00000028   Data   RW          774    .data               motor.o
    0x200000a8   0x0000001c   Data   RW          797    .data               icapture.o
    0x200000c4   0x0000002c   Data   RW          824    .data               ctrl.o
    0x200000f0   0x00000004   Data   RW          875    .data               stepmotor.o
    0x200000f4   0x00000003   Data   RW          898    .data               limit_switch.o
    0x200000f7   0x00000010   Data   RW          971    .data               stm32f4xx_rcc.o
    0x20000107   0x00000001   PAD
    0x20000108   0x00000004   Data   RW         1173    .data               delay.o
    0x2000010c   0x00000006   Data   RW         1214    .data               usart.o
    0x20000112   0x00000002   PAD
    0x20000114   0x00000004   Data   RW         1277    .data               cpu_core.o
    0x20000118   0x00000004   Data   RW         1338    .data               lib_mem.o
    0x2000011c   0x00000008   Data   RW         1498    .data               os_prio.o
    0x20000124   0x000000c8   Data   RW         1601    .data               os_var.o
    0x200001ec   0x00000004   Data   RW         1617    .data               os_cpu_c.o
    0x200001f0   0x0000159a   Zero   RW            4    .bss                main.o
    0x2000178a   0x00000002   PAD
    0x2000178c   0x00000058   Zero   RW          417    .bss                common_fcn.o
    0x200017e4   0x0000000b   Zero   RW          619    .bss                usart2.o
    0x200017ef   0x00000001   PAD
    0x200017f0   0x00000174   Zero   RW          650    .bss                usart3.o
    0x20001964   0x00000054   Zero   RW          677    .bss                mpu9250.o
    0x200019b8   0x00000018   Zero   RW          823    .bss                ctrl.o
    0x200019d0   0x0000001e   Zero   RW         1213    .bss                usart.o
    0x200019ee   0x00000010   Zero   RW         1275    .bss                cpu_core.o
    0x200019fe   0x00000002   PAD
    0x20001a00   0x00000448   Zero   RW         1337    .bss                lib_mem.o
    0x20001e48   0x00001490   Zero   RW         1376    .bss                os_cfg_app.o
    0x200032d8   0x000006e0   Zero   RW         1600    .bss                os_var.o
    0x200039b8   0x00000060   Zero   RW         1777    .bss                c_w.l(libspace.o)
    0x20003a18   0x00000200   Zero   RW          922    HEAP                startup_stm32f40_41xxx.o
    0x20003c18   0x00000400   Zero   RW          921    STACK               startup_stm32f40_41xxx.o


==============================================================================

Image component sizes


      Code (inc. data)   RO Data    RW Data    ZI Data      Debug   Object Name

       284         20          0          0          0       1383   adc.o
       132         14          0          0          0       1247   bsp.o
       496         38          0          0         88     288742   common_fcn.o
        52          0          0          0          0        348   cpu_a.o
       680         14        260          4         16      14879   cpu_core.o
      2044        144          0         44         24       5384   ctrl.o
       328         24          0          4          0       1949   delay.o
       344         24          0          8          0       2111   exti.o
      1284         52          0         28          0       3012   icapture.o
       104         10          0          0          0        911   led.o
       598          0          0          0          0       3996   lib_ascii.o
      2502         32          0          4       1096      22488   lib_mem.o
       544          0          0          0          0        496   lib_mem_a.o
      2348          6        148          0          0      13990   lib_str.o
       660         20          0          3          0       2162   limit_switch.o
      2472        438          0         14       5530     300649   main.o
       224         20          0          0          0       2017   misc.o
       520         72          0         40          0       1746   motor.o
      1284         46          0         48         84       9732   mpu9250.o
       884         14          0          0          0       3938   myiic.o
       252        166        164          0       5264      21026   os_cfg_app.o
      3568        284          0          0          0      12685   os_core.o
       172         32          0          0          0        416   os_cpu_a.o
      1016         64          0          4          0       4201   os_cpu_c.o
       432        286        364          0          0       4857   os_dbg.o
      3624        110          0          0          0       8319   os_flag.o
      1092        146          0          0          0       2428   os_int.o
       568         20          0          0          0       2948   os_mem.o
       556         12          0          0          0       2935   os_msg.o
      2772        114          0          0          0       5854   os_mutex.o
       124          4          0          8          0       2000   os_prio.o
      2264         76          0          0          0       6620   os_q.o
      2096         70          0          0          0       6640   os_sem.o
      1592        180          0          0          0       2905   os_stat.o
      7096        270          0          0          0      14470   os_task.o
      1276         90          0          0          0       3525   os_tick.o
      1380         46          0          0          0       3381   os_time.o
      2072        140          0          0          0       6766   os_tmr.o
         0          0          0        200       1760      19397   os_var.o
       156         10          0          0          0       1215   relay.o
        64         26        392          0       1536        856   startup_stm32f40_41xxx.o
      1824        112          0          4          0       3695   stepmotor.o
      1124         24          0          0          0      10890   stm32f4xx_adc.o
       272         10          0          0          0       2487   stm32f4xx_exti.o
       660         44          0          0          0       4353   stm32f4xx_gpio.o
        22          0          0          0          0      49271   stm32f4xx_it.o
      1628         52          0         16          0      13288   stm32f4xx_rcc.o
       148         12          0          0          0       1929   stm32f4xx_syscfg.o
      3234         60          0          0          0      23212   stm32f4xx_tim.o
      1108         34          0          0          0       8084   stm32f4xx_usart.o
       528         46          0         20          0       1875   system_stm32f4xx.o
      1420         54          0          0          0       3294   timer.o
       608         30          0          6         30       5491   usart.o
      1068        102          0         32         11       3379   usart2.o
      2268        132          0          1        372       6826   usart3.o

    ----------------------------------------------------------------------
     65880       3850       1360        496      15816     952698   Object Totals
         0          0         32          0          0          0   (incl. Generated)
        12          4          0          8          5          0   (incl. Padding)

    ----------------------------------------------------------------------

      Code (inc. data)   RO Data    RW Data    ZI Data      Debug   Library Member Name

        90          0          0          0          0          0   __dczerorl2.o
         8          0          0          0          0         68   __main.o
       104          0          0          0          0         84   __printf.o
        14          0          0          0          0         68   __printf_wp.o
         0          0          0          0          0          0   __rtentry.o
        12          0          0          0          0          0   __rtentry2.o
         6          0          0          0          0          0   __rtentry4.o
        52          8          0          0          0          0   __scatter.o
        28          0          0          0          0          0   __scatter_zi.o
        28          0          0          0          0         68   _chval.o
        48          6          0          0          0         96   _printf_char_common.o
        36          4          0          0          0         80   _printf_char_file.o
         6          0          0          0          0          0   _printf_d.o
       120         16          0          0          0         92   _printf_dec.o
       178          0          0          0          0         88   _printf_intcommon.o
         0          0          0          0          0          0   _printf_percent.o
         4          0          0          0          0          0   _printf_percent_end.o
        22          0          0          0          0        100   _rserrno.o
        64          0          0          0          0         84   _sgetc.o
        10          0          0          0          0         68   _sputc.o
       158          0          0          0          0         92   _strtoul.o
        26          0          0          0          0         80   atoi.o
       220          4        148          0          0         96   bigflt0.o
      1846        132          0          0          0        736   btod.o
        18          0          0          0          0         80   exit.o
         8          0          0          0          0         68   ferror.o
         6          0          0          0          0        152   heapauxi.o
        18          0          0          0          0         76   isspace.o
        44         10        272          0          0         76   lc_ctype_c.o
        44         10         28          0          0         76   lc_numeric_c.o
         2          0          0          0          0          0   libinit.o
        34          0          0          0          0          0   libinit2.o
         2          0          0          0          0          0   libshutdown.o
         2          0          0          0          0          0   libshutdown2.o
         8          4          0          0         96         68   libspace.o
        38          0          0          0          0         68   llshl.o
       238          0          0          0          0        100   lludivv7m.o
        24          4          0          0          0         84   noretval__2printf.o
        40          6          0          0          0         84   noretval__2sprintf.o
        16          4          0          0          0         76   rt_ctype_table.o
         8          4          0          0          0         68   rt_errno_addr_intlibspace.o
         8          4          0          0          0         68   rt_locale_intlibspace.o
        78          0          0          0          0         80   rt_memclr_w.o
         2          0          0          0          0          0   rtexit.o
        10          0          0          0          0          0   rtexit2.o
      1188         12          0          0          0        148   scanf_fp.o
       800         14          0          0          0        100   scanf_hexfp.o
       308         16          0          0          0        100   scanf_infnan.o
       128          0          0          0          0         68   strcmpv7m.o
        72          0          0          0          0         80   strcpy.o
       164         14          0          0          0        120   strtod.o
       112          0          0          0          0         88   strtol.o
        74          0          0          0          0         80   sys_stackheap_outer.o
         2          0          0          0          0         68   use_no_semi.o
         2          0          0          0          0         68   use_no_semi_2.o
        98          4          0          0          0        140   d2f.o
       804         16          0          0          0        368   daddsub_clz.o
        16          4          0          0          0        116   dcheck1.o
        24          0          0          0          0        116   dcmpi.o
       688        140          0          0          0        256   ddiv.o
       120          4          0          0          0        140   deqf.o
        84          0          0          0          0        232   dflt_clz.o
       120          4          0          0          0        140   dleqf.o
       340         12          0          0          0        152   dmul.o
       156          4          0          0          0        140   dnaninf.o
        12          0          0          0          0        116   dretinf.o
       108          0          0          0          0        128   drleqf.o
        86          4          0          0          0        132   f2d.o
       140          4          0          0          0        132   fnaninf.o
         0          0          8          0          0          0   fpconst.o
        10          0          0          0          0        116   fpinit.o
        10          0          0          0          0        116   fretinf.o
       100          0          0          0          0        116   retnan.o
        92          0          0          0          0        116   scalbn.o
         4          0          0          0          0        116   scanf1.o
         8          0          0          0          0        132   scanf2.o
        48          0          0          0          0        116   trapv.o
         0          0          0          0          0          0   usenofp.o
        56         12          0          0          0        132   atof.o
        64         16          0          0          0        248   dunder.o
       140         22          0          0          0        132   frexp.o
       228          8          0          0          0        308   ldexp.o
       184         18          0          0          0        152   narrow.o

    ----------------------------------------------------------------------
     10340        546        456          0         96       8152   Library Totals
        22          2          0          0          0          0   (incl. Padding)

    ----------------------------------------------------------------------

      Code (inc. data)   RO Data    RW Data    ZI Data      Debug   Library Name

      6578        272        448          0         96       4044   c_w.l
      3068        196          8          0          0       3136   fz_wm.l
       672         76          0          0          0        972   m_wm.l

    ----------------------------------------------------------------------
     10340        546        456          0         96       8152   Library Totals

    ----------------------------------------------------------------------

==============================================================================


      Code (inc. data)   RO Data    RW Data    ZI Data      Debug   

     76220       4396       1816        496      15912     943214   Grand Totals
     76220       4396       1816         40      15912     943214   ELF Image Totals (compressed)
     76220       4396       1816         40          0          0   ROM Totals

==============================================================================

    Total RO  Size (Code + RO Data)                78036 (  76.21kB)
    Total RW  Size (RW Data + ZI Data)             16408 (  16.02kB)
    Total ROM Size (Code + RO Data + RW Data)      78076 (  76.25kB)

==============================================================================

